64.141.118.54 - - [28/Jan/2015:14:23:43 -0700] "GET /static/admin/js/admin/RelatedObjectLookups.js HTTP/1.1" 304 0 "http://wrenchmarks.com/admin/wrenchmarks_app/customer/3/" "Mozilla/5.0 (Windows NT 6.1; WOW64; Trident/7.0; rv:11.0) like Gecko"
64.141.118.54 - - [28/Jan/2015:14:23:43 -0700] "GET /static/admin/js/jquery.js HTTP/1.1" 304 0 "http://wrenchmarks.com/admin/wrenchmarks_app/customer/3/" "Mozilla/5.0 (Windows NT 6.1; WOW64; Trident/7.0; rv:11.0) like Gecko"
64.141.118.54 - - [28/Jan/2015:14:23:44 -0700] "GET /admin/jsi18n/ HTTP/1.1" 200 2384 "http://wrenchmarks.com/admin/wrenchmarks_app/customer/3/" "Mozilla/5.0 (Windows NT 6.1; WOW64; Trident/7.0; rv:11.0) like Gecko"
64.141.118.54 - - [28/Jan/2015:14:23:44 -0700] "GET /static/admin/js/jquery.init.js HTTP/1.1" 304 0 "http://wrenchmarks.com/admin/wrenchmarks_app/customer/3/" "Mozilla/5.0 (Windows NT 6.1; WOW64; Trident/7.0; rv:11.0) like Gecko"
64.141.118.54 - - [28/Jan/2015:14:23:44 -0700] "GET /static/admin/js/actions.js HTTP/1.1" 304 0 "http://wrenchmarks.com/admin/wrenchmarks_app/customer/3/" "Mozilla/5.0 (Windows NT 6.1; WOW64; Trident/7.0; rv:11.0) like Gecko"
64.141.118.54 - - [28/Jan/2015:14:23:44 -0700] "GET /static/admin/css/widgets.css HTTP/1.1" 200 10293 "http://wrenchmarks.com/admin/wrenchmarks_app/customer/3/" "Mozilla/5.0 (Windows NT 6.1; WOW64; Trident/7.0; rv:11.0) like Gecko"
64.141.118.54 - - [28/Jan/2015:14:23:44 -0700] "GET /static/admin/img/nav-bg.gif HTTP/1.1" 304 0 "http://wrenchmarks.com/admin/wrenchmarks_app/customer/3/" "Mozilla/5.0 (Windows NT 6.1; WOW64; Trident/7.0; rv:11.0) like Gecko"
64.141.118.54 - - [28/Jan/2015:14:23:44 -0700] "GET /static/admin/img/default-bg.gif HTTP/1.1" 200 836 "http://wrenchmarks.com/admin/wrenchmarks_app/customer/3/" "Mozilla/5.0 (Windows NT 6.1; WOW64; Trident/7.0; rv:11.0) like Gecko"
64.141.118.54 - - [28/Jan/2015:14:23:44 -0700] "GET /static/admin/img/nav-bg-reverse.gif HTTP/1.1" 304 0 "http://wrenchmarks.com/admin/wrenchmarks_app/customer/3/" "Mozilla/5.0 (Windows NT 6.1; WOW64; Trident/7.0; rv:11.0) like Gecko"
64.141.118.54 - - [28/Jan/2015:14:23:44 -0700] "GET /static/admin/img/icon_deletelink.gif HTTP/1.1" 200 181 "http://wrenchmarks.com/admin/wrenchmarks_app/customer/3/" "Mozilla/5.0 (Windows NT 6.1; WOW64; Trident/7.0; rv:11.0) like Gecko"
182.118.55.240 - - [28/Jan/2015:14:33:53 -0700] "GET / HTTP/1.1" 200 213 "-" "Mozilla/5.0 (Macintosh; Intel Mac OS X 10_10_1) AppleWebKit/537.36 (KHTML, like Gecko) Chrome/41.0.2251.0 Safari/537.36"
66.249.64.36 - - [28/Jan/2015:14:35:12 -0700] "GET /robots.txt HTTP/1.1" 404 1005 "-" "Mozilla/5.0 (compatible; Googlebot/2.1; +http://www.google.com/bot.html)"
66.249.64.32 - - [28/Jan/2015:14:35:12 -0700] "GET / HTTP/1.1" 200 213 "-" "Mozilla/5.0 (iPhone; CPU iPhone OS 6_0 like Mac OS X) AppleWebKit/536.26 (KHTML, like Gecko) Version/6.0 Mobile/10A5376e Safari/8536.25 (compatible; Googlebot/2.1; +http://www.google.com/bot.html)"
66.249.84.187 - - [28/Jan/2015:18:46:50 -0700] "GET /admin/ HTTP/1.1" 302 5 "-" "Mozilla/5.0 (Windows NT 6.1; rv:6.0) Gecko/20110814 Firefox/6.0 Google favicon"
66.249.84.175 - - [28/Jan/2015:18:46:50 -0700] "GET / HTTP/1.1" 200 213 "-" "Mozilla/5.0 (Windows NT 6.1; rv:6.0) Gecko/20110814 Firefox/6.0 Google favicon"
66.249.84.187 - - [28/Jan/2015:18:46:50 -0700] "GET /admin/login/?next=/admin/ HTTP/1.1" 200 846 "-" "Mozilla/5.0 (Windows NT 6.1; rv:6.0) Gecko/20110814 Firefox/6.0 Google favicon"
66.249.84.181 - - [28/Jan/2015:18:46:50 -0700] "GET /favicon.ico HTTP/1.1" 404 1007 "-" "Mozilla/5.0 (Windows NT 6.1; rv:6.0) Gecko/20110814 Firefox/6.0 Google favicon"
66.249.84.181 - - [28/Jan/2015:18:46:50 -0700] "GET /favicon.ico HTTP/1.1" 404 1007 "-" "Mozilla/5.0 (Windows NT 6.1; rv:6.0) Gecko/20110814 Firefox/6.0 Google favicon"
68.147.214.2 - - [28/Jan/2015:19:16:48 -0700] "GET / HTTP/1.1" 200 213 "-" "Mozilla/5.0 (Windows NT 6.3; WOW64) AppleWebKit/537.36 (KHTML, like Gecko) Chrome/40.0.2214.93 Safari/537.36"
68.147.214.2 - - [28/Jan/2015:19:16:51 -0700] "GET /cust/1 HTTP/1.1" 200 148 "http://wrenchmarks.com/" "Mozilla/5.0 (Windows NT 6.3; WOW64) AppleWebKit/537.36 (KHTML, like Gecko) Chrome/40.0.2214.93 Safari/537.36"
68.147.214.2 - - [28/Jan/2015:19:16:53 -0700] "GET /vehicle/2 HTTP/1.1" 200 121 "http://wrenchmarks.com/cust/1" "Mozilla/5.0 (Windows NT 6.3; WOW64) AppleWebKit/537.36 (KHTML, like Gecko) Chrome/40.0.2214.93 Safari/537.36"
68.147.214.2 - - [28/Jan/2015:19:16:56 -0700] "GET /vehicle/1 HTTP/1.1" 200 118 "http://wrenchmarks.com/cust/1" "Mozilla/5.0 (Windows NT 6.3; WOW64) AppleWebKit/537.36 (KHTML, like Gecko) Chrome/40.0.2214.93 Safari/537.36"
68.147.214.2 - - [28/Jan/2015:19:16:57 -0700] "GET /cust/1 HTTP/1.1" 200 148 "http://wrenchmarks.com/vehicle/1" "Mozilla/5.0 (Windows NT 6.3; WOW64) AppleWebKit/537.36 (KHTML, like Gecko) Chrome/40.0.2214.93 Safari/537.36"
68.147.214.2 - - [28/Jan/2015:19:17:04 -0700] "GET /cust/2 HTTP/1.1" 200 78 "http://wrenchmarks.com/" "Mozilla/5.0 (Windows NT 6.3; WOW64) AppleWebKit/537.36 (KHTML, like Gecko) Chrome/40.0.2214.93 Safari/537.36"
68.147.214.2 - - [28/Jan/2015:19:17:07 -0700] "GET /cust/3 HTTP/1.1" 200 129 "http://wrenchmarks.com/" "Mozilla/5.0 (Windows NT 6.3; WOW64) AppleWebKit/537.36 (KHTML, like Gecko) Chrome/40.0.2214.93 Safari/537.36"
68.147.214.2 - - [28/Jan/2015:19:17:09 -0700] "GET /vehicle/3 HTTP/1.1" 200 120 "http://wrenchmarks.com/cust/3" "Mozilla/5.0 (Windows NT 6.3; WOW64) AppleWebKit/537.36 (KHTML, like Gecko) Chrome/40.0.2214.93 Safari/537.36"
68.147.214.2 - - [28/Jan/2015:19:17:10 -0700] "GET /cust/3 HTTP/1.1" 200 129 "http://wrenchmarks.com/vehicle/3" "Mozilla/5.0 (Windows NT 6.3; WOW64) AppleWebKit/537.36 (KHTML, like Gecko) Chrome/40.0.2214.93 Safari/537.36"
89.163.227.197 - - [28/Jan/2015:19:20:29 -0700] "GET /vtigercrm/modules/com_vtiger_workflow/sortfieldsjson.php?module_name=../../../../../../../..//etc/asterisk/sip-vicidial.conf%00 HTTP/1.1" 404 2511 "-" "curl/7.19.7 (i386-redhat-linux-gnu) libcurl/7.19.7 NSS/3.16.2.3 Basic ECC zlib/1.2.3 libidn/1.18 libssh2/1.4.2"
66.249.64.32 - - [28/Jan/2015:19:25:00 -0700] "GET / HTTP/1.1" 200 213 "-" "Mozilla/5.0 (compatible; Googlebot/2.1; +http://www.google.com/bot.html)"
66.249.64.40 - - [28/Jan/2015:19:26:53 -0700] "GET /cust/3 HTTP/1.1" 200 129 "-" "Mozilla/5.0 (compatible; Googlebot/2.1; +http://www.google.com/bot.html)"
66.249.64.40 - - [28/Jan/2015:19:27:46 -0700] "GET /cust/2 HTTP/1.1" 200 78 "-" "Mozilla/5.0 (compatible; Googlebot/2.1; +http://www.google.com/bot.html)"
66.249.64.40 - - [28/Jan/2015:19:29:12 -0700] "GET /cust/1 HTTP/1.1" 200 148 "-" "Mozilla/5.0 (compatible; Googlebot/2.1; +http://www.google.com/bot.html)"
66.249.64.32 - - [28/Jan/2015:19:38:30 -0700] "GET /vehicle/3 HTTP/1.1" 200 120 "-" "Mozilla/5.0 (compatible; Googlebot/2.1; +http://www.google.com/bot.html)"
66.249.64.36 - - [28/Jan/2015:19:39:30 -0700] "GET /vehicle/1 HTTP/1.1" 200 118 "-" "Mozilla/5.0 (compatible; Googlebot/2.1; +http://www.google.com/bot.html)"
66.249.64.36 - - [28/Jan/2015:19:40:26 -0700] "GET /vehicle/2 HTTP/1.1" 200 121 "-" "Mozilla/5.0 (compatible; Googlebot/2.1; +http://www.google.com/bot.html)"
68.147.214.2 - - [28/Jan/2015:21:15:58 -0700] "GET /cust/3 HTTP/1.1" 200 129 "http://wrenchmarks.com/vehicle/3" "Mozilla/5.0 (Windows NT 6.3; WOW64) AppleWebKit/537.36 (KHTML, like Gecko) Chrome/40.0.2214.93 Safari/537.36"
68.147.214.2 - - [28/Jan/2015:21:16:03 -0700] "GET / HTTP/1.1" 200 213 "-" "Mozilla/5.0 (Windows NT 6.3; WOW64) AppleWebKit/537.36 (KHTML, like Gecko) Chrome/40.0.2214.93 Safari/537.36"
68.147.214.2 - - [28/Jan/2015:21:16:06 -0700] "GET /cust/1 HTTP/1.1" 200 148 "http://wrenchmarks.com/" "Mozilla/5.0 (Windows NT 6.3; WOW64) AppleWebKit/537.36 (KHTML, like Gecko) Chrome/40.0.2214.93 Safari/537.36"
68.147.214.2 - - [28/Jan/2015:21:16:08 -0700] "GET /vehicle/1 HTTP/1.1" 200 118 "http://wrenchmarks.com/cust/1" "Mozilla/5.0 (Windows NT 6.3; WOW64) AppleWebKit/537.36 (KHTML, like Gecko) Chrome/40.0.2214.93 Safari/537.36"
66.249.64.32 - - [28/Jan/2015:21:18:27 -0700] "GET / HTTP/1.1" 200 213 "-" "Mozilla/5.0 (compatible; Googlebot/2.1; +http://www.google.com/bot.html)"
68.147.214.2 - - [28/Jan/2015:21:20:56 -0700] "GET /cust/1 HTTP/1.1" 200 12548 "-" "Mozilla/5.0 (Windows NT 6.3; WOW64) AppleWebKit/537.36 (KHTML, like Gecko) Chrome/40.0.2214.93 Safari/537.36"
95.211.168.172 - - [28/Jan/2015:22:07:51 -0700] "GET /css/style.css HTTP/1.0" 404 2286 "-" "Mozilla/5.0 (Windows NT 6.1; Win64; x64; rv:27.C) Gecko/20130407 Firefox/27.0"
68.147.214.2 - - [28/Jan/2015:22:32:47 -0700] "GET /cust/1 HTTP/1.1" 500 68746 "-" "Mozilla/5.0 (Windows NT 6.3; WOW64) AppleWebKit/537.36 (KHTML, like Gecko) Chrome/40.0.2214.93 Safari/537.36"
68.147.214.2 - - [28/Jan/2015:22:34:05 -0700] "GET /cust/1 HTTP/1.1" 200 12550 "-" "Mozilla/5.0 (Windows NT 6.3; WOW64) AppleWebKit/537.36 (KHTML, like Gecko) Chrome/40.0.2214.93 Safari/537.36"
68.147.214.2 - - [28/Jan/2015:22:34:11 -0700] "GET /custedit/1 HTTP/1.1" 200 376 "-" "Mozilla/5.0 (Windows NT 6.3; WOW64) AppleWebKit/537.36 (KHTML, like Gecko) Chrome/40.0.2214.93 Safari/537.36"
68.147.214.2 - - [28/Jan/2015:22:34:29 -0700] "POST /custedit/1 HTTP/1.1" 500 83357 "http://wrenchmarks.com/custedit/1" "Mozilla/5.0 (Windows NT 6.3; WOW64) AppleWebKit/537.36 (KHTML, like Gecko) Chrome/40.0.2214.93 Safari/537.36"
66.249.64.40 - - [29/Jan/2015:00:14:22 -0700] "GET / HTTP/1.1" 200 214 "-" "Mozilla/5.0 (compatible; Googlebot/2.1; +http://www.google.com/bot.html)"
176.123.21.6 - - [29/Jan/2015:00:28:34 -0700] "GET / HTTP/1.1" 200 343 "-" "User-Agent: Mozilla/5.0 (compatible; Googlebot/2.1; +http://www.google.com/bot.html)"
176.123.21.6 - - [29/Jan/2015:00:28:37 -0700] "GET /cust/2 HTTP/1.1" 200 89763 "-" "User-Agent: Mozilla/5.0 (compatible; Googlebot/2.1; +http://www.google.com/bot.html)"
176.123.21.6 - - [29/Jan/2015:00:28:41 -0700] "GET /cust/3 HTTP/1.1" 200 90487 "-" "User-Agent: Mozilla/5.0 (compatible; Googlebot/2.1; +http://www.google.com/bot.html)"
176.123.21.6 - - [29/Jan/2015:00:28:44 -0700] "GET /vehicle/3 HTTP/1.1" 200 122 "-" "User-Agent: Mozilla/5.0 (compatible; Googlebot/2.1; +http://www.google.com/bot.html)"
176.123.21.6 - - [29/Jan/2015:00:28:47 -0700] "GET /cust/1 HTTP/1.1" 200 90654 "-" "User-Agent: Mozilla/5.0 (compatible; Googlebot/2.1; +http://www.google.com/bot.html)"
176.123.21.6 - - [29/Jan/2015:00:28:51 -0700] "GET /vehicle/2 HTTP/1.1" 200 122 "-" "User-Agent: Mozilla/5.0 (compatible; Googlebot/2.1; +http://www.google.com/bot.html)"
176.123.21.6 - - [29/Jan/2015:00:28:54 -0700] "GET /vehicle/1 HTTP/1.1" 200 119 "-" "User-Agent: Mozilla/5.0 (compatible; Googlebot/2.1; +http://www.google.com/bot.html)"
66.249.64.40 - - [29/Jan/2015:04:13:44 -0700] "GET /robots.txt HTTP/1.1" 404 1014 "-" "Mozilla/5.0 (compatible; Googlebot/2.1; +http://www.google.com/bot.html)"
66.249.64.32 - - [29/Jan/2015:04:13:44 -0700] "GET / HTTP/1.1" 200 214 "-" "Mozilla/5.0 (compatible; Googlebot/2.1; +http://www.google.com/bot.html)"
216.122.62.174 - - [29/Jan/2015:04:49:42 -0700] "GET / HTTP/1.1" 200 343 "-" "-"
24.133.86.49 - - [29/Jan/2015:07:13:29 -0700] "GET / HTTP/1.1" 200 343 "-" "-"
178.32.63.223 - - [29/Jan/2015:07:18:58 -0700] "GET /wp-login.php HTTP/1.1" 404 1019 "-" "Mozilla/5.0 (Windows NT 5.1; WOW64) AppleWebKit/537.1 (KHTML, like Gecko) Chrome/23.0.1271.17 Safari/537.11"
178.32.63.223 - - [29/Jan/2015:07:18:58 -0700] "GET /administrator/ HTTP/1.1" 404 1020 "-" "Mozilla/5.0 (Windows NT 5.1; WOW64) AppleWebKit/537.1 (KHTML, like Gecko) Chrome/23.0.1271.17 Safari/537.11"
178.32.63.223 - - [29/Jan/2015:07:18:59 -0700] "GET /admin.php HTTP/1.1" 404 1015 "-" "Mozilla/5.0 (Windows NT 5.1; WOW64) AppleWebKit/537.1 (KHTML, like Gecko) Chrome/23.0.1271.17 Safari/537.11"
66.249.64.40 - - [29/Jan/2015:07:27:41 -0700] "GET / HTTP/1.1" 200 214 "-" "Mozilla/5.0 (compatible; Googlebot/2.1; +http://www.google.com/bot.html)"
64.141.118.54 - - [29/Jan/2015:07:52:40 -0700] "GET / HTTP/1.1" 200 214 "-" "Mozilla/5.0 (Windows NT 6.1; WOW64; Trident/7.0; rv:11.0) like Gecko"
64.141.118.54 - - [29/Jan/2015:07:52:41 -0700] "GET /favicon.ico HTTP/1.1" 404 1017 "-" "Mozilla/5.0 (Windows NT 6.1; Win64; x64; Trident/7.0; rv:11.0) like Gecko"
111.94.213.137 - - [29/Jan/2015:10:15:47 -0700] "GET /tmUnblock.cgi HTTP/1.1" 400 181 "-" "-"
66.249.64.40 - - [29/Jan/2015:10:22:55 -0700] "GET / HTTP/1.1" 200 214 "-" "Mozilla/5.0 (compatible; Googlebot/2.1; +http://www.google.com/bot.html)"
66.249.64.36 - - [29/Jan/2015:13:27:29 -0700] "GET / HTTP/1.1" 200 214 "-" "Mozilla/5.0 (compatible; Googlebot/2.1; +http://www.google.com/bot.html)"
66.249.64.187 - - [29/Jan/2015:14:48:28 -0700] "GET /robots.txt HTTP/1.1" 404 1021 "-" "Mozilla/5.0 (compatible; Googlebot/2.1; +http://www.google.com/bot.html)"
66.249.64.187 - - [29/Jan/2015:14:48:28 -0700] "GET / HTTP/1.1" 200 214 "-" "Mozilla/5.0 (iPhone; CPU iPhone OS 6_0 like Mac OS X) AppleWebKit/536.26 (KHTML, like Gecko) Version/6.0 Mobile/10A5376e Safari/8536.25 (compatible; Googlebot/2.1; +http://www.google.com/bot.html)"
61.135.190.200 - - [29/Jan/2015:15:09:48 -0700] "GET / HTTP/1.0" 200 331 "http://www.baidu.com/s?wd=www" "Mozilla/4.0 (compatible; MSIE 7.0; Windows NT 5.1)"
169.229.3.92 - - [29/Jan/2015:15:33:50 -0700] "\x00" 400 181 "-" "-"
169.229.3.93 - - [29/Jan/2015:15:33:51 -0700] "\x00" 400 181 "-" "-"
169.229.3.91 - - [29/Jan/2015:15:34:05 -0700] "" 400 0 "-" "-"
169.229.3.94 - - [29/Jan/2015:15:34:58 -0700] "" 400 0 "-" "-"
64.141.118.54 - - [29/Jan/2015:15:49:56 -0700] "GET / HTTP/1.1" 200 214 "-" "Mozilla/5.0 (Windows NT 6.1; WOW64; Trident/7.0; rv:11.0) like Gecko"
64.141.118.54 - - [29/Jan/2015:15:49:59 -0700] "GET /cust/2 HTTP/1.1" 200 12453 "http://wrenchmarks.com/" "Mozilla/5.0 (Windows NT 6.1; WOW64; Trident/7.0; rv:11.0) like Gecko"
64.141.118.54 - - [29/Jan/2015:15:50:02 -0700] "GET / HTTP/1.1" 200 214 "-" "Mozilla/5.0 (Windows NT 6.1; WOW64; Trident/7.0; rv:11.0) like Gecko"
64.141.118.54 - - [29/Jan/2015:15:50:03 -0700] "GET /cust/3 HTTP/1.1" 200 12583 "http://wrenchmarks.com/" "Mozilla/5.0 (Windows NT 6.1; WOW64; Trident/7.0; rv:11.0) like Gecko"
64.141.118.54 - - [29/Jan/2015:15:50:05 -0700] "GET /vehicle/3 HTTP/1.1" 200 120 "http://wrenchmarks.com/cust/3" "Mozilla/5.0 (Windows NT 6.1; WOW64; Trident/7.0; rv:11.0) like Gecko"
64.141.118.54 - - [29/Jan/2015:15:50:06 -0700] "GET /cust/3 HTTP/1.1" 200 12582 "http://wrenchmarks.com/" "Mozilla/5.0 (Windows NT 6.1; WOW64; Trident/7.0; rv:11.0) like Gecko"
64.141.118.54 - - [29/Jan/2015:15:50:07 -0700] "GET / HTTP/1.1" 200 214 "-" "Mozilla/5.0 (Windows NT 6.1; WOW64; Trident/7.0; rv:11.0) like Gecko"
64.141.118.54 - - [29/Jan/2015:15:50:09 -0700] "GET /cust/1 HTTP/1.1" 200 12601 "http://wrenchmarks.com/" "Mozilla/5.0 (Windows NT 6.1; WOW64; Trident/7.0; rv:11.0) like Gecko"
64.141.118.54 - - [29/Jan/2015:15:50:11 -0700] "GET /vehicle/1 HTTP/1.1" 200 118 "http://wrenchmarks.com/cust/1" "Mozilla/5.0 (Windows NT 6.1; WOW64; Trident/7.0; rv:11.0) like Gecko"
64.141.118.54 - - [29/Jan/2015:15:50:12 -0700] "GET /cust/1 HTTP/1.1" 200 12607 "http://wrenchmarks.com/" "Mozilla/5.0 (Windows NT 6.1; WOW64; Trident/7.0; rv:11.0) like Gecko"
64.141.118.54 - - [29/Jan/2015:15:50:15 -0700] "GET / HTTP/1.1" 200 214 "-" "Mozilla/5.0 (Windows NT 6.1; WOW64; Trident/7.0; rv:11.0) like Gecko"
64.141.118.54 - - [29/Jan/2015:15:50:16 -0700] "GET / HTTP/1.1" 200 214 "http://wrenchmarks.com/" "Mozilla/5.0 (Windows NT 6.1; WOW64; Trident/7.0; rv:11.0) like Gecko"
64.141.118.54 - - [29/Jan/2015:15:50:18 -0700] "GET / HTTP/1.1" 200 214 "http://wrenchmarks.com/" "Mozilla/5.0 (Windows NT 6.1; WOW64; Trident/7.0; rv:11.0) like Gecko"
64.141.118.54 - - [29/Jan/2015:15:50:19 -0700] "GET /cust/2 HTTP/1.1" 200 12450 "http://wrenchmarks.com/" "Mozilla/5.0 (Windows NT 6.1; WOW64; Trident/7.0; rv:11.0) like Gecko"
64.141.118.54 - - [29/Jan/2015:15:50:27 -0700] "GET / HTTP/1.1" 200 214 "http://wrenchmarks.com/" "Mozilla/5.0 (Windows NT 6.1; WOW64; Trident/7.0; rv:11.0) like Gecko"
64.141.118.54 - - [29/Jan/2015:15:50:28 -0700] "GET /cust/3 HTTP/1.1" 200 12520 "http://wrenchmarks.com/" "Mozilla/5.0 (Windows NT 6.1; WOW64; Trident/7.0; rv:11.0) like Gecko"
64.141.118.54 - - [29/Jan/2015:15:50:29 -0700] "GET /vehicle/3 HTTP/1.1" 200 120 "http://wrenchmarks.com/cust/3" "Mozilla/5.0 (Windows NT 6.1; WOW64; Trident/7.0; rv:11.0) like Gecko"
64.141.118.54 - - [29/Jan/2015:15:50:30 -0700] "GET /cust/3 HTTP/1.1" 200 12518 "http://wrenchmarks.com/vehicle/3" "Mozilla/5.0 (Windows NT 6.1; WOW64; Trident/7.0; rv:11.0) like Gecko"
64.141.118.54 - - [29/Jan/2015:15:50:31 -0700] "GET /vehicle/3 HTTP/1.1" 200 120 "http://wrenchmarks.com/cust/3" "Mozilla/5.0 (Windows NT 6.1; WOW64; Trident/7.0; rv:11.0) like Gecko"
64.141.118.54 - - [29/Jan/2015:15:50:35 -0700] "GET /cust/3 HTTP/1.1" 200 12516 "http://wrenchmarks.com/vehicle/3" "Mozilla/5.0 (Windows NT 6.1; WOW64; Trident/7.0; rv:11.0) like Gecko"
64.141.118.54 - - [29/Jan/2015:15:50:42 -0700] "GET /custedit/3 HTTP/1.1" 200 376 "-" "Mozilla/5.0 (Windows NT 6.1; WOW64; Trident/7.0; rv:11.0) like Gecko"
64.141.118.54 - - [29/Jan/2015:16:01:18 -0700] "GET /cust/3 HTTP/1.1" 200 12586 "http://wrenchmarks.com/vehicle/3" "Mozilla/5.0 (Windows NT 6.1; WOW64; Trident/7.0; rv:11.0) like Gecko"
128.208.4.164 - - [29/Jan/2015:17:00:10 -0700] "GET / HTTP/1.0" 200 331 "-" "masscan/1.0 (https://github.com/robertdavidgraham/masscan)"
5.79.68.161 - - [30/Jan/2015:01:00:20 -0700] "GET / HTTP/1.1" 200 214 "http://www.openmultipleurl.com/" "Mozilla/5.0 (Windows NT 6.1; rv:31.0) Gecko/20100101 Firefox/31.0"
192.99.250.143 - - [30/Jan/2015:01:01:01 -0700] "GET /favicon.ico HTTP/1.1" 404 1025 "-" "Mozilla/5.0 (Windows NT 6.1; rv:31.0) Gecko/20100101 Firefox/31.0"
96.47.226.22 - - [30/Jan/2015:01:02:12 -0700] "GET /favicon.ico HTTP/1.1" 404 1025 "-" "Mozilla/5.0 (Windows NT 6.1; rv:31.0) Gecko/20100101 Firefox/31.0"
149.129.9.240 - - [30/Jan/2015:03:00:44 -0700] "GET / HTTP/1.1" 400 181 "-" "-"
149.129.9.240 - - [30/Jan/2015:03:00:44 -0700] "GET //Net_work.xml HTTP/1.1" 400 181 "-" "-"
66.249.64.40 - - [30/Jan/2015:04:01:50 -0700] "GET /robots.txt HTTP/1.1" 404 1014 "-" "Mozilla/5.0 (compatible; Googlebot/2.1; +http://www.google.com/bot.html)"
66.249.64.36 - - [30/Jan/2015:04:01:50 -0700] "GET / HTTP/1.1" 200 214 "-" "Mozilla/5.0 (compatible; Googlebot/2.1; +http://www.google.com/bot.html)"
66.249.64.40 - - [30/Jan/2015:05:58:25 -0700] "GET / HTTP/1.1" 200 214 "-" "Mozilla/5.0 (compatible; Googlebot/2.1; +http://www.google.com/bot.html)"
66.249.67.72 - - [30/Jan/2015:08:54:31 -0700] "GET /robots.txt HTTP/1.1" 404 1014 "-" "Mozilla/5.0 (compatible; Googlebot/2.1; +http://www.google.com/bot.html)"
66.249.67.64 - - [30/Jan/2015:08:54:31 -0700] "GET / HTTP/1.1" 200 214 "-" "Mozilla/5.0 (compatible; Googlebot/2.1; +http://www.google.com/bot.html)"
182.118.53.27 - - [30/Jan/2015:09:25:54 -0700] "GET / HTTP/1.1" 200 214 "-" "Mozilla/5.0 (Macintosh; Intel Mac OS X 10_10_1) AppleWebKit/537.36 (KHTML, like Gecko) Chrome/41.0.2251.0 Safari/537.36"
66.249.67.111 - - [30/Jan/2015:10:30:44 -0700] "GET /robots.txt HTTP/1.1" 404 1021 "-" "Mozilla/5.0 (compatible; Googlebot/2.1; +http://www.google.com/bot.html)"
66.249.67.111 - - [30/Jan/2015:10:30:44 -0700] "GET /index.php/admissions/101-fee-schedule-from-january-2014 HTTP/1.1" 404 1058 "-" "Mozilla/5.0 (compatible; Googlebot/2.1; +http://www.google.com/bot.html)"
61.135.190.70 - - [30/Jan/2015:12:49:18 -0700] "GET / HTTP/1.0" 200 331 "http://www.baidu.com/s?wd=www" "Mozilla/4.0 (compatible; MSIE 7.0; Windows NT 5.1)"
66.249.67.56 - - [30/Jan/2015:12:50:04 -0700] "GET / HTTP/1.1" 200 214 "-" "Mozilla/5.0 (compatible; Googlebot/2.1; +http://www.google.com/bot.html)"
61.240.144.67 - - [30/Jan/2015:13:34:15 -0700] "GET / HTTP/1.0" 200 331 "-" "masscan/1.0 (https://github.com/robertdavidgraham/masscan)"
66.249.67.95 - - [30/Jan/2015:14:29:05 -0700] "GET / HTTP/1.1" 200 214 "-" "Mozilla/5.0 (iPhone; CPU iPhone OS 6_0 like Mac OS X) AppleWebKit/536.26 (KHTML, like Gecko) Version/6.0 Mobile/10A5376e Safari/8536.25 (compatible; Googlebot/2.1; +http://www.google.com/bot.html)"
66.249.67.103 - - [30/Jan/2015:16:43:11 -0700] "GET / HTTP/1.1" 200 214 "-" "Mozilla/5.0 (compatible; Googlebot/2.1; +http://www.google.com/bot.html)"
66.249.67.95 - - [30/Jan/2015:16:45:43 -0700] "GET /cust/1 HTTP/1.1" 200 12537 "-" "Mozilla/5.0 (compatible; Googlebot/2.1; +http://www.google.com/bot.html)"
66.249.67.103 - - [30/Jan/2015:16:46:56 -0700] "GET /cust/2 HTTP/1.1" 200 12453 "-" "Mozilla/5.0 (compatible; Googlebot/2.1; +http://www.google.com/bot.html)"
66.249.67.103 - - [30/Jan/2015:16:49:38 -0700] "GET /cust/3 HTTP/1.1" 200 12584 "-" "Mozilla/5.0 (compatible; Googlebot/2.1; +http://www.google.com/bot.html)"
66.249.67.111 - - [30/Jan/2015:16:50:43 -0700] "GET /vehicle/3 HTTP/1.1" 200 120 "-" "Mozilla/5.0 (compatible; Googlebot/2.1; +http://www.google.com/bot.html)"
66.249.67.95 - - [30/Jan/2015:16:51:16 -0700] "GET /vehicle/2 HTTP/1.1" 200 121 "-" "Mozilla/5.0 (compatible; Googlebot/2.1; +http://www.google.com/bot.html)"
66.249.65.176 - - [30/Jan/2015:16:54:33 -0700] "GET /vehicle/1 HTTP/1.1" 200 118 "-" "Mozilla/5.0 (compatible; Googlebot/2.1; +http://www.google.com/bot.html)"
66.249.84.181 - - [30/Jan/2015:18:43:11 -0700] "GET /admin/ HTTP/1.1" 302 5 "-" "Mozilla/5.0 (Windows NT 6.1; rv:6.0) Gecko/20110814 Firefox/6.0 Google favicon"
66.249.84.181 - - [30/Jan/2015:18:43:11 -0700] "GET / HTTP/1.1" 200 214 "-" "Mozilla/5.0 (Windows NT 6.1; rv:6.0) Gecko/20110814 Firefox/6.0 Google favicon"
66.249.84.187 - - [30/Jan/2015:18:43:11 -0700] "GET /admin/login/?next=/admin/ HTTP/1.1" 200 845 "-" "Mozilla/5.0 (Windows NT 6.1; rv:6.0) Gecko/20110814 Firefox/6.0 Google favicon"
66.249.84.181 - - [30/Jan/2015:18:43:11 -0700] "GET /favicon.ico HTTP/1.1" 404 1017 "-" "Mozilla/5.0 (Windows NT 6.1; rv:6.0) Gecko/20110814 Firefox/6.0 Google favicon"
66.249.84.187 - - [30/Jan/2015:18:43:11 -0700] "GET /favicon.ico HTTP/1.1" 404 1017 "-" "Mozilla/5.0 (Windows NT 6.1; rv:6.0) Gecko/20110814 Firefox/6.0 Google favicon"
66.249.67.103 - - [30/Jan/2015:19:42:10 -0700] "GET /cust/1 HTTP/1.1" 200 12607 "-" "Mozilla/5.0 (compatible; Googlebot/2.1; +http://www.google.com/bot.html)"
66.249.67.95 - - [30/Jan/2015:22:39:32 -0700] "GET /robots.txt HTTP/1.1" 404 1021 "-" "Mozilla/5.0 (compatible; Googlebot/2.1; +http://www.google.com/bot.html)"
66.249.67.95 - - [30/Jan/2015:22:39:32 -0700] "GET /cust/1 HTTP/1.1" 200 12757 "-" "Mozilla/5.0 (compatible; Googlebot/2.1; +http://www.google.com/bot.html)"
66.249.67.95 - - [31/Jan/2015:02:02:34 -0700] "GET /hsqqkshx.html HTTP/1.1" 404 1026 "-" "Mozilla/5.0 (compatible; Googlebot/2.1; +http://www.google.com/bot.html)"
66.249.67.95 - - [31/Jan/2015:02:08:28 -0700] "GET /cust/1 HTTP/1.1" 200 12609 "-" "Mozilla/5.0 (compatible; Googlebot/2.1; +http://www.google.com/bot.html)"
174.139.31.148 - - [31/Jan/2015:02:13:35 -0700] "GET / HTTP/1.1" 200 214 "-" "Mozilla/5.0 (Windows NT 6.1; WOW64) AppleWebKit/537.36 (KHTML, like Gecko) Chrome/36.0.1985.67 Safari/537.36"
66.249.64.179 - - [31/Jan/2015:05:00:55 -0700] "GET /robots.txt HTTP/1.1" 404 1021 "-" "Mozilla/5.0 (compatible; Googlebot/2.1; +http://www.google.com/bot.html)"
66.249.64.183 - - [31/Jan/2015:05:00:55 -0700] "GET /cust/1 HTTP/1.1" 200 12544 "-" "Mozilla/5.0 (compatible; Googlebot/2.1; +http://www.google.com/bot.html)"
199.188.195.53 - - [31/Jan/2015:07:51:03 -0700] "GET /MyAdmin/scripts/setup.php HTTP/1.1" 404 1039 "-" "ZmEu"
199.188.195.53 - - [31/Jan/2015:07:51:03 -0700] "GET /myadmin/scripts/setup.php HTTP/1.1" 404 1038 "-" "ZmEu"
199.188.195.53 - - [31/Jan/2015:07:51:03 -0700] "GET /phpMyAdmin/scripts/setup.php HTTP/1.1" 404 1041 "-" "ZmEu"
199.188.195.53 - - [31/Jan/2015:07:51:03 -0700] "GET /w00tw00t.at.blackhats.romanian.anti-sec:) HTTP/1.1" 404 1049 "-" "ZmEu"
199.188.195.53 - - [31/Jan/2015:07:51:03 -0700] "GET /pma/scripts/setup.php HTTP/1.1" 404 1035 "-" "ZmEu"
199.188.195.53 - - [31/Jan/2015:07:51:03 -0700] "GET /phpmyadmin/scripts/setup.php HTTP/1.1" 404 1039 "-" "ZmEu"
98.126.3.78 - - [31/Jan/2015:08:30:46 -0700] "GET / HTTP/1.1" 200 214 "-" "Mozilla/5.0 (Windows NT 6.1; WOW64) AppleWebKit/537.36 (KHTML, like Gecko) Chrome/36.0.1985.67 Safari/537.36"
61.135.190.199 - - [31/Jan/2015:10:25:23 -0700] "GET / HTTP/1.0" 200 331 "http://www.baidu.com/s?wd=www" "Mozilla/4.0 (compatible; MSIE 7.0; Windows NT 5.1)"
66.249.64.183 - - [31/Jan/2015:13:40:55 -0700] "GET /vehicle/3 HTTP/1.1" 200 120 "-" "Mozilla/5.0 (iPhone; CPU iPhone OS 6_0 like Mac OS X) AppleWebKit/536.26 (KHTML, like Gecko) Version/6.0 Mobile/10A5376e Safari/8536.25 (compatible; Googlebot/2.1; +http://www.google.com/bot.html)"
66.249.64.179 - - [31/Jan/2015:13:42:34 -0700] "GET /cust/1 HTTP/1.1" 200 12752 "-" "Mozilla/5.0 (iPhone; CPU iPhone OS 6_0 like Mac OS X) AppleWebKit/536.26 (KHTML, like Gecko) Version/6.0 Mobile/10A5376e Safari/8536.25 (compatible; Googlebot/2.1; +http://www.google.com/bot.html)"
66.249.64.179 - - [31/Jan/2015:13:58:39 -0700] "GET / HTTP/1.1" 200 214 "-" "Mozilla/5.0 (iPhone; CPU iPhone OS 6_0 like Mac OS X) AppleWebKit/536.26 (KHTML, like Gecko) Version/6.0 Mobile/10A5376e Safari/8536.25 (compatible; Googlebot/2.1; +http://www.google.com/bot.html)"
222.186.34.48 - admin [31/Jan/2015:14:30:35 -0700] "GET /manager/html HTTP/1.1" 404 2433 "-" "Mozilla/4.0 (compatible; MSIE 8.0; Windows NT 5.1; Trident/4.0; .NET CLR 1.1.4322; .NET CLR 2.0.50727; .NET4.0C; .NET4.0E; .NET CLR 3.0.4506.2152; .NET CLR 3.5.30729)"
222.186.34.48 - admin [31/Jan/2015:14:30:41 -0700] "GET /manager/html HTTP/1.1" 404 2433 "-" "Mozilla/4.0 (compatible; MSIE 8.0; Windows NT 5.1; Trident/4.0; .NET CLR 1.1.4322; .NET CLR 2.0.50727; .NET4.0C; .NET4.0E; .NET CLR 3.0.4506.2152; .NET CLR 3.5.30729)"
68.147.214.2 - - [31/Jan/2015:14:30:45 -0700] "GET /admin/login/?next=/admin/wrenchmarks_app/vehicle/ HTTP/1.1" 200 868 "-" "Mozilla/5.0 (Windows NT 6.3; WOW64) AppleWebKit/537.36 (KHTML, like Gecko) Chrome/40.0.2214.93 Safari/537.36"
222.186.34.48 - admin [31/Jan/2015:14:30:47 -0700] "GET /manager/html HTTP/1.1" 404 2433 "-" "Mozilla/4.0 (compatible; MSIE 8.0; Windows NT 5.1; Trident/4.0; .NET CLR 1.1.4322; .NET CLR 2.0.50727; .NET4.0C; .NET4.0E; .NET CLR 3.0.4506.2152; .NET CLR 3.5.30729)"
68.147.214.2 - - [31/Jan/2015:14:30:48 -0700] "GET /favicon.ico HTTP/1.1" 404 1017 "-" "Mozilla/5.0 (Windows NT 6.3; WOW64) AppleWebKit/537.36 (KHTML, like Gecko) Chrome/40.0.2214.93 Safari/537.36"
66.249.84.175 - - [31/Jan/2015:14:30:48 -0700] "GET /favicon.ico HTTP/1.1" 404 1017 "-" "Mozilla/5.0 (Windows NT 6.1; rv:6.0) Gecko/20110814 Firefox/6.0 Google favicon"
66.249.84.175 - - [31/Jan/2015:14:30:48 -0700] "GET /admin/ HTTP/1.1" 302 5 "-" "Mozilla/5.0 (Windows NT 6.1; rv:6.0) Gecko/20110814 Firefox/6.0 Google favicon"
68.147.214.2 - - [31/Jan/2015:14:30:48 -0700] "GET /favicon.ico HTTP/1.1" 404 1017 "-" "Mozilla/5.0 (Windows NT 6.3; WOW64) AppleWebKit/537.36 (KHTML, like Gecko) Chrome/40.0.2214.93 Safari/537.36"
66.249.84.181 - - [31/Jan/2015:14:30:48 -0700] "GET /admin/login/?next=/admin/ HTTP/1.1" 200 844 "-" "Mozilla/5.0 (Windows NT 6.1; rv:6.0) Gecko/20110814 Firefox/6.0 Google favicon"
182.118.55.116 - - [31/Jan/2015:14:49:57 -0700] "GET / HTTP/1.1" 200 214 "-" "Mozilla/5.0 (Macintosh; Intel Mac OS X 10_10_1) AppleWebKit/537.36 (KHTML, like Gecko) Chrome/41.0.2251.0 Safari/537.36"
68.147.214.2 - - [31/Jan/2015:15:10:58 -0700] "POST /custedit/1 HTTP/1.1" 500 83357 "http://wrenchmarks.com/custedit/1" "Mozilla/5.0 (Windows NT 6.3; WOW64) AppleWebKit/537.36 (KHTML, like Gecko) Chrome/40.0.2214.93 Safari/537.36"
68.147.214.2 - - [31/Jan/2015:15:33:41 -0700] "GET / HTTP/1.1" 200 214 "-" "Mozilla/5.0 (Windows NT 6.3; WOW64) AppleWebKit/537.36 (KHTML, like Gecko) Chrome/40.0.2214.93 Safari/537.36"
68.147.214.2 - - [31/Jan/2015:15:33:44 -0700] "GET /cust/2 HTTP/1.1" 200 12396 "http://wrenchmarks.com/" "Mozilla/5.0 (Windows NT 6.3; WOW64) AppleWebKit/537.36 (KHTML, like Gecko) Chrome/40.0.2214.93 Safari/537.36"
68.147.214.2 - - [31/Jan/2015:15:33:49 -0700] "GET /custedit/2 HTTP/1.1" 200 380 "-" "Mozilla/5.0 (Windows NT 6.3; WOW64) AppleWebKit/537.36 (KHTML, like Gecko) Chrome/40.0.2214.93 Safari/537.36"
68.147.214.2 - - [31/Jan/2015:15:33:54 -0700] "POST /custedit/2 HTTP/1.1" 302 5 "http://wrenchmarks.com/custedit/2" "Mozilla/5.0 (Windows NT 6.3; WOW64) AppleWebKit/537.36 (KHTML, like Gecko) Chrome/40.0.2214.93 Safari/537.36"
68.147.214.2 - - [31/Jan/2015:15:33:54 -0700] "GET / HTTP/1.1" 200 216 "http://wrenchmarks.com/custedit/2" "Mozilla/5.0 (Windows NT 6.3; WOW64) AppleWebKit/537.36 (KHTML, like Gecko) Chrome/40.0.2214.93 Safari/537.36"
68.147.214.2 - - [31/Jan/2015:15:33:56 -0700] "GET /cust/2 HTTP/1.1" 200 12388 "http://wrenchmarks.com/" "Mozilla/5.0 (Windows NT 6.3; WOW64) AppleWebKit/537.36 (KHTML, like Gecko) Chrome/40.0.2214.93 Safari/537.36"
68.147.214.2 - - [31/Jan/2015:15:34:01 -0700] "GET /custedit/2 HTTP/1.1" 200 383 "-" "Mozilla/5.0 (Windows NT 6.3; WOW64) AppleWebKit/537.36 (KHTML, like Gecko) Chrome/40.0.2214.93 Safari/537.36"
68.147.214.2 - - [31/Jan/2015:15:34:11 -0700] "POST /custedit/2 HTTP/1.1" 302 5 "http://wrenchmarks.com/custedit/2" "Mozilla/5.0 (Windows NT 6.3; WOW64) AppleWebKit/537.36 (KHTML, like Gecko) Chrome/40.0.2214.93 Safari/537.36"
68.147.214.2 - - [31/Jan/2015:15:34:11 -0700] "GET / HTTP/1.1" 200 213 "http://wrenchmarks.com/custedit/2" "Mozilla/5.0 (Windows NT 6.3; WOW64) AppleWebKit/537.36 (KHTML, like Gecko) Chrome/40.0.2214.93 Safari/537.36"
68.147.214.2 - - [31/Jan/2015:15:34:15 -0700] "GET /cust/2 HTTP/1.1" 200 12386 "http://wrenchmarks.com/" "Mozilla/5.0 (Windows NT 6.3; WOW64) AppleWebKit/537.36 (KHTML, like Gecko) Chrome/40.0.2214.93 Safari/537.36"
68.147.214.2 - - [31/Jan/2015:15:34:19 -0700] "GET /cust/3 HTTP/1.1" 200 12524 "http://wrenchmarks.com/" "Mozilla/5.0 (Windows NT 6.3; WOW64) AppleWebKit/537.36 (KHTML, like Gecko) Chrome/40.0.2214.93 Safari/537.36"
68.147.214.2 - - [31/Jan/2015:15:34:23 -0700] "GET /cust/1 HTTP/1.1" 200 12546 "http://wrenchmarks.com/" "Mozilla/5.0 (Windows NT 6.3; WOW64) AppleWebKit/537.36 (KHTML, like Gecko) Chrome/40.0.2214.93 Safari/537.36"
68.147.214.2 - - [31/Jan/2015:15:36:03 -0700] "GET /cust/1 HTTP/1.1" 200 171 "-" "Mozilla/5.0 (Windows NT 6.3; WOW64) AppleWebKit/537.36 (KHTML, like Gecko) Chrome/40.0.2214.93 Safari/537.36"
68.147.214.2 - - [31/Jan/2015:15:36:10 -0700] "GET /custedit/ HTTP/1.1" 404 1014 "http://wrenchmarks.com/cust/1" "Mozilla/5.0 (Windows NT 6.3; WOW64) AppleWebKit/537.36 (KHTML, like Gecko) Chrome/40.0.2214.93 Safari/537.36"
68.147.214.2 - - [31/Jan/2015:15:36:52 -0700] "GET /static/admin/img/nav-bg-reverse.gif HTTP/1.1" 200 178 "http://wrenchmarks.com/static/admin/css/base.css" "Mozilla/5.0 (Windows NT 6.3; WOW64) AppleWebKit/537.36 (KHTML, like Gecko) Chrome/40.0.2214.93 Safari/537.36"
68.147.214.2 - - [31/Jan/2015:15:36:53 -0700] "POST /admin/login/?next=/admin/wrenchmarks_app/vehicle/ HTTP/1.1" 302 5 "http://wrenchmarks.com/admin/login/?next=/admin/wrenchmarks_app/vehicle/" "Mozilla/5.0 (Windows NT 6.3; WOW64) AppleWebKit/537.36 (KHTML, like Gecko) Chrome/40.0.2214.93 Safari/537.36"
68.147.214.2 - - [31/Jan/2015:15:36:53 -0700] "GET /admin/wrenchmarks_app/vehicle/ HTTP/1.1" 200 1597 "http://wrenchmarks.com/admin/login/?next=/admin/wrenchmarks_app/vehicle/" "Mozilla/5.0 (Windows NT 6.3; WOW64) AppleWebKit/537.36 (KHTML, like Gecko) Chrome/40.0.2214.93 Safari/537.36"
68.147.214.2 - - [31/Jan/2015:15:36:53 -0700] "GET /static/admin/css/base.css HTTP/1.1" 304 0 "http://wrenchmarks.com/admin/wrenchmarks_app/vehicle/" "Mozilla/5.0 (Windows NT 6.3; WOW64) AppleWebKit/537.36 (KHTML, like Gecko) Chrome/40.0.2214.93 Safari/537.36"
68.147.214.2 - - [31/Jan/2015:15:36:53 -0700] "GET /static/admin/css/changelists.css HTTP/1.1" 200 5254 "http://wrenchmarks.com/admin/wrenchmarks_app/vehicle/" "Mozilla/5.0 (Windows NT 6.3; WOW64) AppleWebKit/537.36 (KHTML, like Gecko) Chrome/40.0.2214.93 Safari/537.36"
68.147.214.2 - - [31/Jan/2015:15:36:53 -0700] "GET /static/admin/js/core.js HTTP/1.1" 200 6899 "http://wrenchmarks.com/admin/wrenchmarks_app/vehicle/" "Mozilla/5.0 (Windows NT 6.3; WOW64) AppleWebKit/537.36 (KHTML, like Gecko) Chrome/40.0.2214.93 Safari/537.36"
68.147.214.2 - - [31/Jan/2015:15:36:53 -0700] "GET /static/admin/js/admin/RelatedObjectLookups.js HTTP/1.1" 200 3232 "http://wrenchmarks.com/admin/wrenchmarks_app/vehicle/" "Mozilla/5.0 (Windows NT 6.3; WOW64) AppleWebKit/537.36 (KHTML, like Gecko) Chrome/40.0.2214.93 Safari/537.36"
68.147.214.2 - - [31/Jan/2015:15:36:53 -0700] "GET /admin/jsi18n/ HTTP/1.1" 200 2384 "http://wrenchmarks.com/admin/wrenchmarks_app/vehicle/" "Mozilla/5.0 (Windows NT 6.3; WOW64) AppleWebKit/537.36 (KHTML, like Gecko) Chrome/40.0.2214.93 Safari/537.36"
68.147.214.2 - - [31/Jan/2015:15:36:53 -0700] "GET /static/admin/js/jquery.init.js HTTP/1.1" 200 326 "http://wrenchmarks.com/admin/wrenchmarks_app/vehicle/" "Mozilla/5.0 (Windows NT 6.3; WOW64) AppleWebKit/537.36 (KHTML, like Gecko) Chrome/40.0.2214.93 Safari/537.36"
68.147.214.2 - - [31/Jan/2015:15:36:53 -0700] "GET /static/admin/js/actions.js HTTP/1.1" 200 4910 "http://wrenchmarks.com/admin/wrenchmarks_app/vehicle/" "Mozilla/5.0 (Windows NT 6.3; WOW64) AppleWebKit/537.36 (KHTML, like Gecko) Chrome/40.0.2214.93 Safari/537.36"
68.147.214.2 - - [31/Jan/2015:15:36:53 -0700] "GET /static/admin/js/jquery.js HTTP/1.1" 200 268381 "http://wrenchmarks.com/admin/wrenchmarks_app/vehicle/" "Mozilla/5.0 (Windows NT 6.3; WOW64) AppleWebKit/537.36 (KHTML, like Gecko) Chrome/40.0.2214.93 Safari/537.36"
68.147.214.2 - - [31/Jan/2015:15:36:54 -0700] "GET /static/admin/img/tooltag-add.png HTTP/1.1" 200 119 "http://wrenchmarks.com/static/admin/css/base.css" "Mozilla/5.0 (Windows NT 6.3; WOW64) AppleWebKit/537.36 (KHTML, like Gecko) Chrome/40.0.2214.93 Safari/537.36"
68.147.214.2 - - [31/Jan/2015:15:36:56 -0700] "GET /admin/wrenchmarks_app/vehicle/3/ HTTP/1.1" 200 1858 "http://wrenchmarks.com/admin/wrenchmarks_app/vehicle/" "Mozilla/5.0 (Windows NT 6.3; WOW64) AppleWebKit/537.36 (KHTML, like Gecko) Chrome/40.0.2214.93 Safari/537.36"
68.147.214.2 - - [31/Jan/2015:15:36:56 -0700] "GET /static/admin/css/forms.css HTTP/1.1" 200 5928 "http://wrenchmarks.com/admin/wrenchmarks_app/vehicle/3/" "Mozilla/5.0 (Windows NT 6.3; WOW64) AppleWebKit/537.36 (KHTML, like Gecko) Chrome/40.0.2214.93 Safari/537.36"
68.147.214.2 - - [31/Jan/2015:15:36:56 -0700] "GET /static/admin/img/icon_addlink.gif HTTP/1.1" 200 119 "http://wrenchmarks.com/admin/wrenchmarks_app/vehicle/3/" "Mozilla/5.0 (Windows NT 6.3; WOW64) AppleWebKit/537.36 (KHTML, like Gecko) Chrome/40.0.2214.93 Safari/537.36"
68.147.214.2 - - [31/Jan/2015:15:36:56 -0700] "GET /admin/jsi18n/ HTTP/1.1" 200 2384 "http://wrenchmarks.com/admin/wrenchmarks_app/vehicle/3/" "Mozilla/5.0 (Windows NT 6.3; WOW64) AppleWebKit/537.36 (KHTML, like Gecko) Chrome/40.0.2214.93 Safari/537.36"
68.147.214.2 - - [31/Jan/2015:15:36:56 -0700] "GET /static/admin/css/widgets.css HTTP/1.1" 200 10293 "http://wrenchmarks.com/admin/wrenchmarks_app/vehicle/3/" "Mozilla/5.0 (Windows NT 6.3; WOW64) AppleWebKit/537.36 (KHTML, like Gecko) Chrome/40.0.2214.93 Safari/537.36"
68.147.214.2 - - [31/Jan/2015:15:36:56 -0700] "GET /static/admin/img/default-bg.gif HTTP/1.1" 200 836 "http://wrenchmarks.com/static/admin/css/base.css" "Mozilla/5.0 (Windows NT 6.3; WOW64) AppleWebKit/537.36 (KHTML, like Gecko) Chrome/40.0.2214.93 Safari/537.36"
68.147.214.2 - - [31/Jan/2015:15:36:56 -0700] "GET /static/admin/img/nav-bg.gif HTTP/1.1" 304 0 "http://wrenchmarks.com/admin/wrenchmarks_app/vehicle/3/" "Mozilla/5.0 (Windows NT 6.3; WOW64) AppleWebKit/537.36 (KHTML, like Gecko) Chrome/40.0.2214.93 Safari/537.36"
68.147.214.2 - - [31/Jan/2015:15:36:56 -0700] "GET /static/admin/img/icon_deletelink.gif HTTP/1.1" 200 181 "http://wrenchmarks.com/static/admin/css/forms.css" "Mozilla/5.0 (Windows NT 6.3; WOW64) AppleWebKit/537.36 (KHTML, like Gecko) Chrome/40.0.2214.93 Safari/537.36"
68.147.214.2 - - [31/Jan/2015:15:42:02 -0700] "GET /custedit/ HTTP/1.1" 404 1014 "http://wrenchmarks.com/cust/1" "Mozilla/5.0 (Windows NT 6.3; WOW64) AppleWebKit/537.36 (KHTML, like Gecko) Chrome/40.0.2214.93 Safari/537.36"
68.147.214.2 - - [31/Jan/2015:15:42:06 -0700] "GET /cust/1 HTTP/1.1" 200 171 "-" "Mozilla/5.0 (Windows NT 6.3; WOW64) AppleWebKit/537.36 (KHTML, like Gecko) Chrome/40.0.2214.93 Safari/537.36"
68.147.214.2 - - [31/Jan/2015:15:47:00 -0700] "GET / HTTP/1.1" 200 213 "http://wrenchmarks.com/custedit/2" "Mozilla/5.0 (Windows NT 6.3; WOW64) AppleWebKit/537.36 (KHTML, like Gecko) Chrome/40.0.2214.93 Safari/537.36"
68.147.214.2 - - [31/Jan/2015:15:47:03 -0700] "GET / HTTP/1.1" 200 213 "http://wrenchmarks.com/" "Mozilla/5.0 (Windows NT 6.3; WOW64) AppleWebKit/537.36 (KHTML, like Gecko) Chrome/40.0.2214.93 Safari/537.36"
66.249.64.32 - - [31/Jan/2015:15:50:46 -0700] "GET /robots.txt HTTP/1.1" 404 1014 "-" "Mozilla/5.0 (compatible; Googlebot/2.1; +http://www.google.com/bot.html)"
66.249.64.32 - - [31/Jan/2015:15:50:46 -0700] "GET / HTTP/1.1" 200 213 "-" "Mozilla/5.0 (compatible; Googlebot/2.1; +http://www.google.com/bot.html)"
68.147.214.2 - - [31/Jan/2015:15:58:52 -0700] "GET / HTTP/1.1" 200 213 "-" "Mozilla/5.0 (Windows NT 6.3; WOW64) AppleWebKit/537.36 (KHTML, like Gecko) Chrome/40.0.2214.93 Safari/537.36"
68.147.214.2 - - [31/Jan/2015:15:58:54 -0700] "GET /cust/3 HTTP/1.1" 200 150 "http://wrenchmarks.com/" "Mozilla/5.0 (Windows NT 6.3; WOW64) AppleWebKit/537.36 (KHTML, like Gecko) Chrome/40.0.2214.93 Safari/537.36"
68.147.214.2 - - [31/Jan/2015:15:59:15 -0700] "GET /cust/3 HTTP/1.1" 200 150 "-" "Mozilla/5.0 (Windows NT 6.3; WOW64) AppleWebKit/537.36 (KHTML, like Gecko) Chrome/40.0.2214.93 Safari/537.36"
68.147.214.2 - - [31/Jan/2015:16:09:11 -0700] "GET /custedit/ HTTP/1.1" 404 1014 "http://wrenchmarks.com/cust/3" "Mozilla/5.0 (Windows NT 6.3; WOW64) AppleWebKit/537.36 (KHTML, like Gecko) Chrome/40.0.2214.93 Safari/537.36"
169.229.3.92 - - [31/Jan/2015:18:17:22 -0700] "\xFF\xFF\xFF\xFF@\x01r\x00" 400 181 "-" "-"
169.229.3.91 - - [31/Jan/2015:18:17:24 -0700] "\xFF\xFF\xFF\xFF@\x01s\x00" 400 181 "-" "-"
169.229.3.93 - - [31/Jan/2015:18:17:51 -0700] "\xFF\xFF\xFF\xFF@\x01s\x00" 400 181 "-" "-"
169.229.3.94 - - [31/Jan/2015:18:17:52 -0700] "\xFF\xFF\xFF\xFF@\x01r\x00" 400 181 "-" "-"
188.138.17.205 - - [31/Jan/2015:19:22:01 -0700] "GET / HTTP/1.1" 200 343 "-" "-"
188.138.17.205 - - [31/Jan/2015:19:22:02 -0700] "GET /robots.txt HTTP/1.1" 404 2430 "-" "-"
66.249.64.179 - - [31/Jan/2015:20:42:55 -0700] "GET /robots.txt HTTP/1.1" 404 1021 "-" "Mozilla/5.0 (compatible; Googlebot/2.1; +http://www.google.com/bot.html)"
66.249.64.179 - - [31/Jan/2015:20:42:55 -0700] "GET /cust/1 HTTP/1.1" 200 171 "-" "Mozilla/5.0 (compatible; Googlebot/2.1; +http://www.google.com/bot.html)"
66.249.64.187 - - [31/Jan/2015:20:45:44 -0700] "GET /custedit/ HTTP/1.1" 404 1020 "-" "Mozilla/5.0 (compatible; Googlebot/2.1; +http://www.google.com/bot.html)"
68.147.214.2 - - [31/Jan/2015:21:27:15 -0700] "GET /cust/3 HTTP/1.1" 200 150 "-" "Mozilla/5.0 (Windows NT 6.3; WOW64) AppleWebKit/537.36 (KHTML, like Gecko) Chrome/40.0.2214.93 Safari/537.36"
68.147.214.2 - - [31/Jan/2015:21:27:44 -0700] "GET /cust/3 HTTP/1.1" 200 152 "-" "Mozilla/5.0 (Windows NT 6.3; WOW64) AppleWebKit/537.36 (KHTML, like Gecko) Chrome/40.0.2214.93 Safari/537.36"
68.147.214.2 - - [31/Jan/2015:21:28:27 -0700] "GET /custedit/ HTTP/1.1" 404 1014 "http://wrenchmarks.com/cust/3" "Mozilla/5.0 (Windows NT 6.3; WOW64) AppleWebKit/537.36 (KHTML, like Gecko) Chrome/40.0.2214.93 Safari/537.36"
68.147.214.2 - - [31/Jan/2015:21:28:46 -0700] "GET /cust/3 HTTP/1.1" 200 150 "-" "Mozilla/5.0 (Windows NT 6.3; WOW64) AppleWebKit/537.36 (KHTML, like Gecko) Chrome/40.0.2214.93 Safari/537.36"
68.147.214.2 - - [31/Jan/2015:21:45:54 -0700] "GET /cust/3 HTTP/1.1" 200 150 "-" "Mozilla/5.0 (Windows NT 6.3; WOW64) AppleWebKit/537.36 (KHTML, like Gecko) Chrome/40.0.2214.93 Safari/537.36"
68.147.214.2 - - [31/Jan/2015:21:45:57 -0700] "GET /custedit/ HTTP/1.1" 404 1014 "http://wrenchmarks.com/cust/3" "Mozilla/5.0 (Windows NT 6.3; WOW64) AppleWebKit/537.36 (KHTML, like Gecko) Chrome/40.0.2214.93 Safari/537.36"
68.147.214.2 - - [31/Jan/2015:21:46:06 -0700] "GET /cust/3 HTTP/1.1" 200 150 "http://wrenchmarks.com/" "Mozilla/5.0 (Windows NT 6.3; WOW64) AppleWebKit/537.36 (KHTML, like Gecko) Chrome/40.0.2214.93 Safari/537.36"
68.147.214.2 - - [31/Jan/2015:21:47:30 -0700] "GET /cust/3 HTTP/1.1" 200 150 "http://wrenchmarks.com/" "Mozilla/5.0 (Windows NT 6.3; WOW64) AppleWebKit/537.36 (KHTML, like Gecko) Chrome/40.0.2214.93 Safari/537.36"
68.147.214.2 - - [31/Jan/2015:21:47:35 -0700] "GET /custedit/ HTTP/1.1" 404 1014 "http://wrenchmarks.com/cust/3" "Mozilla/5.0 (Windows NT 6.3; WOW64) AppleWebKit/537.36 (KHTML, like Gecko) Chrome/40.0.2214.93 Safari/537.36"
68.147.214.2 - - [31/Jan/2015:22:01:22 -0700] "GET /cust/3 HTTP/1.1" 200 150 "-" "Mozilla/5.0 (Windows NT 6.3; WOW64) AppleWebKit/537.36 (KHTML, like Gecko) Chrome/40.0.2214.93 Safari/537.36"
68.147.214.2 - - [31/Jan/2015:22:02:35 -0700] "GET /cust/3 HTTP/1.1" 200 150 "-" "Mozilla/5.0 (Windows NT 6.3; WOW64) AppleWebKit/537.36 (KHTML, like Gecko) Chrome/40.0.2214.93 Safari/537.36"
68.147.214.2 - - [31/Jan/2015:22:08:06 -0700] "GET /cust/3 HTTP/1.1" 200 150 "-" "Mozilla/5.0 (Windows NT 6.3; WOW64) AppleWebKit/537.36 (KHTML, like Gecko) Chrome/40.0.2214.93 Safari/537.36"
68.147.214.2 - - [31/Jan/2015:22:24:58 -0700] "GET /cust/3 HTTP/1.1" 200 154 "-" "Mozilla/5.0 (Windows NT 6.3; WOW64) AppleWebKit/537.36 (KHTML, like Gecko) Chrome/40.0.2214.93 Safari/537.36"
68.147.214.2 - - [31/Jan/2015:22:28:26 -0700] "GET /cust/3 HTTP/1.1" 200 12547 "-" "Mozilla/5.0 (Windows NT 6.3; WOW64) AppleWebKit/537.36 (KHTML, like Gecko) Chrome/40.0.2214.93 Safari/537.36"
66.249.84.181 - - [31/Jan/2015:22:39:43 -0700] "GET / HTTP/1.1" 200 213 "-" "Mozilla/5.0 (Windows NT 6.1; rv:6.0) Gecko/20110814 Firefox/6.0 Google favicon"
68.147.214.2 - - [31/Jan/2015:22:41:25 -0700] "GET /cust/3 HTTP/1.1" 200 12548 "-" "Mozilla/5.0 (Windows NT 6.3; WOW64) AppleWebKit/537.36 (KHTML, like Gecko) Chrome/40.0.2214.93 Safari/537.36"
68.147.214.2 - - [31/Jan/2015:22:41:28 -0700] "GET /custedit/3 HTTP/1.1" 200 380 "http://wrenchmarks.com/cust/3" "Mozilla/5.0 (Windows NT 6.3; WOW64) AppleWebKit/537.36 (KHTML, like Gecko) Chrome/40.0.2214.93 Safari/537.36"
68.147.214.2 - - [31/Jan/2015:22:41:41 -0700] "GET / HTTP/1.1" 200 213 "-" "Mozilla/5.0 (Windows NT 6.3; WOW64) AppleWebKit/537.36 (KHTML, like Gecko) Chrome/40.0.2214.93 Safari/537.36"
68.147.214.2 - - [31/Jan/2015:22:41:45 -0700] "GET /cust/2 HTTP/1.1" 200 12500 "http://wrenchmarks.com/" "Mozilla/5.0 (Windows NT 6.3; WOW64) AppleWebKit/537.36 (KHTML, like Gecko) Chrome/40.0.2214.93 Safari/537.36"
68.147.214.2 - - [31/Jan/2015:22:41:48 -0700] "GET /custedit/2 HTTP/1.1" 200 379 "http://wrenchmarks.com/cust/2" "Mozilla/5.0 (Windows NT 6.3; WOW64) AppleWebKit/537.36 (KHTML, like Gecko) Chrome/40.0.2214.93 Safari/537.36"
68.147.214.2 - - [31/Jan/2015:22:42:08 -0700] "GET /cust/3 HTTP/1.1" 200 12550 "http://wrenchmarks.com/" "Mozilla/5.0 (Windows NT 6.3; WOW64) AppleWebKit/537.36 (KHTML, like Gecko) Chrome/40.0.2214.93 Safari/537.36"
68.147.214.2 - - [31/Jan/2015:22:46:11 -0700] "GET /cust/3 HTTP/1.1" 200 181 "http://wrenchmarks.com/" "Mozilla/5.0 (Windows NT 6.3; WOW64) AppleWebKit/537.36 (KHTML, like Gecko) Chrome/40.0.2214.93 Safari/537.36"
68.147.214.2 - - [31/Jan/2015:22:47:48 -0700] "GET /cust/3 HTTP/1.1" 200 182 "-" "Mozilla/5.0 (Windows NT 6.3; WOW64) AppleWebKit/537.36 (KHTML, like Gecko) Chrome/40.0.2214.93 Safari/537.36"
68.147.214.2 - - [31/Jan/2015:22:48:02 -0700] "GET /custedit/3 HTTP/1.1" 200 380 "http://wrenchmarks.com/cust/3" "Mozilla/5.0 (Windows NT 6.3; WOW64) AppleWebKit/537.36 (KHTML, like Gecko) Chrome/40.0.2214.93 Safari/537.36"
68.147.214.2 - - [31/Jan/2015:22:48:11 -0700] "GET /custedit/3 HTTP/1.1" 200 380 "http://wrenchmarks.com/cust/3" "Mozilla/5.0 (Windows NT 6.3; WOW64) AppleWebKit/537.36 (KHTML, like Gecko) Chrome/40.0.2214.93 Safari/537.36"
68.147.214.2 - - [31/Jan/2015:22:48:26 -0700] "POST /custedit/3 HTTP/1.1" 302 5 "http://wrenchmarks.com/custedit/3" "Mozilla/5.0 (Windows NT 6.3; WOW64) AppleWebKit/537.36 (KHTML, like Gecko) Chrome/40.0.2214.93 Safari/537.36"
68.147.214.2 - - [31/Jan/2015:22:48:26 -0700] "GET / HTTP/1.1" 200 213 "http://wrenchmarks.com/custedit/3" "Mozilla/5.0 (Windows NT 6.3; WOW64) AppleWebKit/537.36 (KHTML, like Gecko) Chrome/40.0.2214.93 Safari/537.36"
68.147.214.2 - - [31/Jan/2015:22:48:28 -0700] "GET /cust/3 HTTP/1.1" 200 198 "http://wrenchmarks.com/" "Mozilla/5.0 (Windows NT 6.3; WOW64) AppleWebKit/537.36 (KHTML, like Gecko) Chrome/40.0.2214.93 Safari/537.36"
68.147.214.2 - - [31/Jan/2015:22:48:46 -0700] "GET /vehicle/3 HTTP/1.1" 200 120 "http://wrenchmarks.com/cust/3" "Mozilla/5.0 (Windows NT 6.3; WOW64) AppleWebKit/537.36 (KHTML, like Gecko) Chrome/40.0.2214.93 Safari/537.36"
68.147.214.2 - - [31/Jan/2015:22:49:10 -0700] "GET /vehicle/3 HTTP/1.1" 200 120 "http://wrenchmarks.com/cust/3" "Mozilla/5.0 (Windows NT 6.3; WOW64) AppleWebKit/537.36 (KHTML, like Gecko) Chrome/40.0.2214.93 Safari/537.36"
68.147.214.2 - - [31/Jan/2015:22:51:19 -0700] "GET /cust/3 HTTP/1.1" 200 199 "http://wrenchmarks.com/" "Mozilla/5.0 (Windows NT 6.3; WOW64) AppleWebKit/537.36 (KHTML, like Gecko) Chrome/40.0.2214.93 Safari/537.36"
68.147.214.2 - - [31/Jan/2015:22:51:44 -0700] "GET /custedit/3 HTTP/1.1" 200 396 "http://wrenchmarks.com/cust/3" "Mozilla/5.0 (Windows NT 6.3; WOW64) AppleWebKit/537.36 (KHTML, like Gecko) Chrome/40.0.2214.93 Safari/537.36"
68.147.214.2 - - [31/Jan/2015:22:51:49 -0700] "GET /vehicle/3 HTTP/1.1" 200 120 "http://wrenchmarks.com/cust/3" "Mozilla/5.0 (Windows NT 6.3; WOW64) AppleWebKit/537.36 (KHTML, like Gecko) Chrome/40.0.2214.93 Safari/537.36"
68.147.214.2 - - [31/Jan/2015:22:51:56 -0700] "GET /custedit/3 HTTP/1.1" 200 396 "http://wrenchmarks.com/cust/3" "Mozilla/5.0 (Windows NT 6.3; WOW64) AppleWebKit/537.36 (KHTML, like Gecko) Chrome/40.0.2214.93 Safari/537.36"
68.147.214.2 - - [31/Jan/2015:22:52:04 -0700] "GET / HTTP/1.1" 200 213 "http://wrenchmarks.com/" "Mozilla/5.0 (Windows NT 6.3; WOW64) AppleWebKit/537.36 (KHTML, like Gecko) Chrome/40.0.2214.93 Safari/537.36"
68.147.214.2 - - [31/Jan/2015:22:52:08 -0700] "GET /cust/2 HTTP/1.1" 200 152 "http://wrenchmarks.com/" "Mozilla/5.0 (Windows NT 6.3; WOW64) AppleWebKit/537.36 (KHTML, like Gecko) Chrome/40.0.2214.93 Safari/537.36"
68.147.214.2 - - [31/Jan/2015:22:52:10 -0700] "GET /custedit/2 HTTP/1.1" 200 379 "http://wrenchmarks.com/cust/2" "Mozilla/5.0 (Windows NT 6.3; WOW64) AppleWebKit/537.36 (KHTML, like Gecko) Chrome/40.0.2214.93 Safari/537.36"
68.147.214.2 - - [31/Jan/2015:22:52:35 -0700] "POST /custedit/2 HTTP/1.1" 302 5 "http://wrenchmarks.com/custedit/2" "Mozilla/5.0 (Windows NT 6.3; WOW64) AppleWebKit/537.36 (KHTML, like Gecko) Chrome/40.0.2214.93 Safari/537.36"
68.147.214.2 - - [31/Jan/2015:22:52:35 -0700] "GET / HTTP/1.1" 200 213 "http://wrenchmarks.com/custedit/2" "Mozilla/5.0 (Windows NT 6.3; WOW64) AppleWebKit/537.36 (KHTML, like Gecko) Chrome/40.0.2214.93 Safari/537.36"
68.147.214.2 - - [31/Jan/2015:22:52:37 -0700] "GET /cust/1 HTTP/1.1" 200 214 "http://wrenchmarks.com/" "Mozilla/5.0 (Windows NT 6.3; WOW64) AppleWebKit/537.36 (KHTML, like Gecko) Chrome/40.0.2214.93 Safari/537.36"
68.147.214.2 - - [31/Jan/2015:22:52:41 -0700] "GET /custedit/1 HTTP/1.1" 200 383 "http://wrenchmarks.com/cust/1" "Mozilla/5.0 (Windows NT 6.3; WOW64) AppleWebKit/537.36 (KHTML, like Gecko) Chrome/40.0.2214.93 Safari/537.36"
68.147.214.2 - - [31/Jan/2015:22:52:57 -0700] "POST /custedit/1 HTTP/1.1" 302 5 "http://wrenchmarks.com/custedit/1" "Mozilla/5.0 (Windows NT 6.3; WOW64) AppleWebKit/537.36 (KHTML, like Gecko) Chrome/40.0.2214.93 Safari/537.36"
68.147.214.2 - - [31/Jan/2015:22:52:57 -0700] "GET / HTTP/1.1" 200 213 "http://wrenchmarks.com/custedit/1" "Mozilla/5.0 (Windows NT 6.3; WOW64) AppleWebKit/537.36 (KHTML, like Gecko) Chrome/40.0.2214.93 Safari/537.36"
68.147.214.2 - - [31/Jan/2015:22:53:03 -0700] "GET /cust/3 HTTP/1.1" 200 199 "http://wrenchmarks.com/" "Mozilla/5.0 (Windows NT 6.3; WOW64) AppleWebKit/537.36 (KHTML, like Gecko) Chrome/40.0.2214.93 Safari/537.36"
68.147.214.2 - - [31/Jan/2015:22:53:25 -0700] "GET /vehicle/3 HTTP/1.1" 200 120 "http://wrenchmarks.com/cust/3" "Mozilla/5.0 (Windows NT 6.3; WOW64) AppleWebKit/537.36 (KHTML, like Gecko) Chrome/40.0.2214.93 Safari/537.36"
68.147.214.2 - - [31/Jan/2015:22:54:21 -0700] "GET /cust/3 HTTP/1.1" 200 199 "http://wrenchmarks.com/vehicle/3" "Mozilla/5.0 (Windows NT 6.3; WOW64) AppleWebKit/537.36 (KHTML, like Gecko) Chrome/40.0.2214.93 Safari/537.36"
68.147.214.2 - - [31/Jan/2015:22:54:33 -0700] "GET /cust/3 HTTP/1.1" 200 199 "http://wrenchmarks.com/vehicle/3" "Mozilla/5.0 (Windows NT 6.3; WOW64) AppleWebKit/537.36 (KHTML, like Gecko) Chrome/40.0.2214.93 Safari/537.36"
68.147.214.2 - - [31/Jan/2015:22:58:55 -0700] "GET /cust/3 HTTP/1.1" 500 99966 "http://wrenchmarks.com/vehicle/3" "Mozilla/5.0 (Windows NT 6.3; WOW64) AppleWebKit/537.36 (KHTML, like Gecko) Chrome/40.0.2214.93 Safari/537.36"
68.147.214.2 - - [31/Jan/2015:23:13:49 -0700] "GET /cust/3 HTTP/1.1" 200 199 "-" "Mozilla/5.0 (Windows NT 6.3; WOW64) AppleWebKit/537.36 (KHTML, like Gecko) Chrome/40.0.2214.93 Safari/537.36"
68.147.214.2 - - [31/Jan/2015:23:13:53 -0700] "GET /custedit/3 HTTP/1.1" 200 396 "http://wrenchmarks.com/cust/3" "Mozilla/5.0 (Windows NT 6.3; WOW64) AppleWebKit/537.36 (KHTML, like Gecko) Chrome/40.0.2214.93 Safari/537.36"
68.147.214.2 - - [31/Jan/2015:23:13:57 -0700] "POST /custedit/3 HTTP/1.1" 302 5 "http://wrenchmarks.com/custedit/3" "Mozilla/5.0 (Windows NT 6.3; WOW64) AppleWebKit/537.36 (KHTML, like Gecko) Chrome/40.0.2214.93 Safari/537.36"
68.147.214.2 - - [31/Jan/2015:23:13:57 -0700] "GET /cust/3 HTTP/1.1" 200 200 "http://wrenchmarks.com/custedit/3" "Mozilla/5.0 (Windows NT 6.3; WOW64) AppleWebKit/537.36 (KHTML, like Gecko) Chrome/40.0.2214.93 Safari/537.36"
